frontend-1            | 192.168.65.1 - - [18/May/2026:21:35:36 +0000] "GET /jobs?page=1&page_size=12 HTTP/1.1" 200 24 "https://wpyde-46-34-192-58.run.pinggy-free.link/" "Mozilla/5.0 (Macintosh; Intel Mac OS X 10_15_7) AppleWebKit/537.36 (KHTML, like Gecko) Chrome/148.0.0.0 Safari/537.36" "46.34.192.58"
frontend-1            | 192.168.65.1 - - [18/May/2026:21:35:36 +0000] "GET /vite.svg HTTP/1.1" 200 941 "https://wpyde-46-34-192-58.run.pinggy-free.link/" "Mozilla/5.0 (Macintosh; Intel Mac OS X 10_15_7) AppleWebKit/537.36 (KHTML, like Gecko) Chrome/148.0.0.0 Safari/537.36" "46.34.192.58"
frontend-1            | 192.168.65.1 - - [18/May/2026:21:35:37 +0000] "GET /api/dialogs HTTP/1.1" 200 5 "https://wpyde-46-34-192-58.run.pinggy-free.link/" "Mozilla/5.0 (Macintosh; Intel Mac OS X 10_15_7) AppleWebKit/537.36 (KHTML, like Gecko) Chrome/148.0.0.0 Safari/537.36" "46.34.192.58"
user-service-1        | {"time":"2026-05-18T21:35:38.884291918Z","level":"INFO","msg":"gRPC call succeeded","method":"/user.UserService/GetUser","duration_ms":2}
frontend-1            | 192.168.65.1 - - [18/May/2026:21:35:38 +0000] "GET /users/3508047d-68b7-4e99-99f9-eaf996c70203 HTTP/1.1" 200 176 "https://wpyde-46-34-192-58.run.pinggy-free.link/" "Mozilla/5.0 (Macintosh; Intel Mac OS X 10_15_7) AppleWebKit/537.36 (KHTML, like Gecko) Chrome/148.0.0.0 Safari/537.36" "46.34.192.58"
frontend-1            | 192.168.65.1 - - [18/May/2026:21:35:42 +0000] "GET /vite.svg HTTP/1.1" 304 0 "https://wpyde-46-34-192-58.run.pinggy-free.link/" "Mozilla/5.0 (Macintosh; Intel Mac OS X 10_15_7) AppleWebKit/537.36 (KHTML, like Gecko) Chrome/148.0.0.0 Safari/537.36" "46.34.192.58"
user-service-1        | {"time":"2026-05-18T21:35:46.969709756Z","level":"INFO","msg":"user logged in","user_id":"fbca8a4f-9321-4dd5-924e-21273697edbf"}
user-service-1        | {"time":"2026-05-18T21:35:46.969730756Z","level":"INFO","msg":"gRPC call succeeded","method":"/user.UserService/Login","duration_ms":68}
frontend-1            | 192.168.65.1 - - [18/May/2026:21:35:46 +0000] "POST /users/login HTTP/1.1" 200 524 "https://wpyde-46-34-192-58.run.pinggy-free.link/" "Mozilla/5.0 (Macintosh; Intel Mac OS X 10_15_7) AppleWebKit/537.36 (KHTML, like Gecko) Chrome/148.0.0.0 Safari/537.36" "46.34.192.58"
frontend-1            | 192.168.65.1 - - [18/May/2026:21:35:47 +0000] "GET /jobs?page=1&page_size=12 HTTP/1.1" 200 24 "https://wpyde-46-34-192-58.run.pinggy-free.link/" "Mozilla/5.0 (Macintosh; Intel Mac OS X 10_15_7) AppleWebKit/537.36 (KHTML, like Gecko) Chrome/148.0.0.0 Safari/537.36" "46.34.192.58"
frontend-1            | 192.168.65.1 - - [18/May/2026:21:36:27 +0000] "POST /jobs HTTP/1.1" 201 345 "https://wpyde-46-34-192-58.run.pinggy-free.link/" "Mozilla/5.0 (Macintosh; Intel Mac OS X 10_15_7) AppleWebKit/537.36 (KHTML, like Gecko) Chrome/148.0.0.0 Safari/537.36" "46.34.192.58"
frontend-1            | 192.168.65.1 - - [18/May/2026:21:36:27 +0000] "GET /jobs?page=1&page_size=12 HTTP/1.1" 200 360 "https://wpyde-46-34-192-58.run.pinggy-free.link/" "Mozilla/5.0 (Macintosh; Intel Mac OS X 10_15_7) AppleWebKit/537.36 (KHTML, like Gecko) Chrome/148.0.0.0 Safari/537.36" "46.34.192.58"
frontend-1            | 192.168.65.1 - - [18/May/2026:21:36:29 +0000] "GET /vite.svg HTTP/1.1" 304 0 "https://wpyde-46-34-192-58.run.pinggy-free.link/" "Mozilla/5.0 (Macintosh; Intel Mac OS X 10_15_7) AppleWebKit/537.36 (KHTML, like Gecko) Chrome/148.0.0.0 Safari/537.36" "46.34.192.58"
frontend-1            | 192.168.65.1 - - [18/May/2026:21:36:29 +0000] "GET /jobs/544d6163-09b6-4e56-8986-d9c4bcd1c603 HTTP/1.1" 200 339 "https://wpyde-46-34-192-58.run.pinggy-free.link/" "Mozilla/5.0 (Macintosh; Intel Mac OS X 10_15_7) AppleWebKit/537.36 (KHTML, like Gecko) Chrome/148.0.0.0 Safari/537.36" "46.34.192.58"
user-service-1        | {"time":"2026-05-18T21:36:30.245310095Z","level":"INFO","msg":"gRPC call succeeded","method":"/user.UserService/GetUser","duration_ms":0}
frontend-1            | 192.168.65.1 - - [18/May/2026:21:36:30 +0000] "GET /users/fbca8a4f-9321-4dd5-924e-21273697edbf HTTP/1.1" 200 181 "https://wpyde-46-34-192-58.run.pinggy-free.link/" "Mozilla/5.0 (Macintosh; Intel Mac OS X 10_15_7) AppleWebKit/537.36 (KHTML, like Gecko) Chrome/148.0.0.0 Safari/537.36" "46.34.192.58"
frontend-1            | 192.168.65.1 - - [18/May/2026:21:36:33 +0000] "GET /api/dialogs HTTP/1.1" 200 5 "https://wpyde-46-34-192-58.run.pinggy-free.link/" "Mozilla/5.0 (Macintosh; Intel Mac OS X 10_15_7) AppleWebKit/537.36 (KHTML, like Gecko) Chrome/148.0.0.0 Safari/537.36" "46.34.192.58"
user-service-1        | {"time":"2026-05-18T21:36:34.176513597Z","level":"INFO","msg":"gRPC call succeeded","method":"/user.UserService/GetUser","duration_ms":0}
frontend-1            | 192.168.65.1 - - [18/May/2026:21:36:34 +0000] "GET /users/fbca8a4f-9321-4dd5-924e-21273697edbf HTTP/1.1" 200 181 "https://wpyde-46-34-192-58.run.pinggy-free.link/" "Mozilla/5.0 (Macintosh; Intel Mac OS X 10_15_7) AppleWebKit/537.36 (KHTML, like Gecko) Chrome/148.0.0.0 Safari/537.36" "46.34.192.58"
frontend-1            | 192.168.65.1 - - [18/May/2026:21:36:34 +0000] "GET /jobs?page=1&page_size=50&client_id=fbca8a4f-9321-4dd5-924e-21273697edbf HTTP/1.1" 200 360 "https://wpyde-46-34-192-58.run.pinggy-free.link/" "Mozilla/5.0 (Macintosh; Intel Mac OS X 10_15_7) AppleWebKit/537.36 (KHTML, like Gecko) Chrome/148.0.0.0 Safari/537.36" "46.34.192.58"
user-service-1        | {"time":"2026-05-18T21:36:45.068189838Z","level":"INFO","msg":"user updated","user_id":"fbca8a4f-9321-4dd5-924e-21273697edbf"}
user-service-1        | {"time":"2026-05-18T21:36:45.068243796Z","level":"INFO","msg":"gRPC call succeeded","method":"/user.UserService/UpdateUser","duration_ms":10}
frontend-1            | 192.168.65.1 - - [18/May/2026:21:36:45 +0000] "PATCH /users/fbca8a4f-9321-4dd5-924e-21273697edbf HTTP/1.1" 200 212 "https://wpyde-46-34-192-58.run.pinggy-free.link/" "Mozilla/5.0 (Macintosh; Intel Mac OS X 10_15_7) AppleWebKit/537.36 (KHTML, like Gecko) Chrome/148.0.0.0 Safari/537.36" "46.34.192.58"
user-service-1        | {"time":"2026-05-18T21:36:45.336847963Z","level":"INFO","msg":"gRPC call succeeded","method":"/user.UserService/GetUser","duration_ms":0}
frontend-1            | 192.168.65.1 - - [18/May/2026:21:36:45 +0000] "GET /users/fbca8a4f-9321-4dd5-924e-21273697edbf HTTP/1.1" 200 212 "https://wpyde-46-34-192-58.run.pinggy-free.link/" "Mozilla/5.0 (Macintosh; Intel Mac OS X 10_15_7) AppleWebKit/537.36 (KHTML, like Gecko) Chrome/148.0.0.0 Safari/537.36" "46.34.192.58"
frontend-1            | 192.168.65.1 - - [18/May/2026:21:36:45 +0000] "GET /jobs?page=1&page_size=50&client_id=fbca8a4f-9321-4dd5-924e-21273697edbf HTTP/1.1" 200 360 "https://wpyde-46-34-192-58.run.pinggy-free.link/" "Mozilla/5.0 (Macintosh; Intel Mac OS X 10_15_7) AppleWebKit/537.36 (KHTML, like Gecko) Chrome/148.0.0.0 Safari/537.36" "46.34.192.58"
frontend-1            | 192.168.65.1 - - [18/May/2026:21:36:47 +0000] "GET /vite.svg HTTP/1.1" 304 0 "https://wpyde-46-34-192-58.run.pinggy-free.link/" "Mozilla/5.0 (Macintosh; Intel Mac OS X 10_15_7) AppleWebKit/537.36 (KHTML, like Gecko) Chrome/148.0.0.0 Safari/537.36" "46.34.192.58"
user-service-1        | {"time":"2026-05-18T21:36:52.986957883Z","level":"INFO","msg":"user logged in","user_id":"3508047d-68b7-4e99-99f9-eaf996c70203"}
user-service-1        | {"time":"2026-05-18T21:36:52.986999925Z","level":"INFO","msg":"gRPC call succeeded","method":"/user.UserService/Login","duration_ms":94}
frontend-1            | 192.168.65.1 - - [18/May/2026:21:36:52 +0000] "POST /users/login HTTP/1.1" 200 515 "https://wpyde-46-34-192-58.run.pinggy-free.link/" "Mozilla/5.0 (Macintosh; Intel Mac OS X 10_15_7) AppleWebKit/537.36 (KHTML, like Gecko) Chrome/148.0.0.0 Safari/537.36" "46.34.192.58"
frontend-1            | 192.168.65.1 - - [18/May/2026:21:36:53 +0000] "GET /jobs?page=1&page_size=12 HTTP/1.1" 200 360 "https://wpyde-46-34-192-58.run.pinggy-free.link/" "Mozilla/5.0 (Macintosh; Intel Mac OS X 10_15_7) AppleWebKit/537.36 (KHTML, like Gecko) Chrome/148.0.0.0 Safari/537.36" "46.34.192.58"
frontend-1            | 192.168.65.1 - - [18/May/2026:21:36:54 +0000] "GET /jobs/544d6163-09b6-4e56-8986-d9c4bcd1c603 HTTP/1.1" 200 339 "https://wpyde-46-34-192-58.run.pinggy-free.link/" "Mozilla/5.0 (Macintosh; Intel Mac OS X 10_15_7) AppleWebKit/537.36 (KHTML, like Gecko) Chrome/148.0.0.0 Safari/537.36" "46.34.192.58"
user-service-1        | {"time":"2026-05-18T21:36:54.832690926Z","level":"INFO","msg":"gRPC call succeeded","method":"/user.UserService/GetUser","duration_ms":0}
frontend-1            | 192.168.65.1 - - [18/May/2026:21:36:54 +0000] "GET /users/fbca8a4f-9321-4dd5-924e-21273697edbf HTTP/1.1" 200 212 "https://wpyde-46-34-192-58.run.pinggy-free.link/" "Mozilla/5.0 (Macintosh; Intel Mac OS X 10_15_7) AppleWebKit/537.36 (KHTML, like Gecko) Chrome/148.0.0.0 Safari/537.36" "46.34.192.58"
frontend-1            | 192.168.65.1 - - [18/May/2026:21:37:08 +0000] "POST /jobs/544d6163-09b6-4e56-8986-d9c4bcd1c603/apply HTTP/1.1" 201 269 "https://wpyde-46-34-192-58.run.pinggy-free.link/" "Mozilla/5.0 (Macintosh; Intel Mac OS X 10_15_7) AppleWebKit/537.36 (KHTML, like Gecko) Chrome/148.0.0.0 Safari/537.36" "46.34.192.58"
frontend-1            | 192.168.65.1 - - [18/May/2026:21:37:10 +0000] "GET /api/dialogs HTTP/1.1" 200 5 "https://wpyde-46-34-192-58.run.pinggy-free.link/" "Mozilla/5.0 (Macintosh; Intel Mac OS X 10_15_7) AppleWebKit/537.36 (KHTML, like Gecko) Chrome/148.0.0.0 Safari/537.36" "46.34.192.58"
frontend-1            | 192.168.65.1 - - [18/May/2026:21:37:10 +0000] "GET /vite.svg HTTP/1.1" 304 0 "https://wpyde-46-34-192-58.run.pinggy-free.link/" "Mozilla/5.0 (Macintosh; Intel Mac OS X 10_15_7) AppleWebKit/537.36 (KHTML, like Gecko) Chrome/148.0.0.0 Safari/537.36" "46.34.192.58"
frontend-1            | 192.168.65.1 - - [18/May/2026:21:37:11 +0000] "GET /jobs?page=1&page_size=12 HTTP/1.1" 200 360 "https://wpyde-46-34-192-58.run.pinggy-free.link/" "Mozilla/5.0 (Macintosh; Intel Mac OS X 10_15_7) AppleWebKit/537.36 (KHTML, like Gecko) Chrome/148.0.0.0 Safari/537.36" "46.34.192.58"
frontend-1            | 192.168.65.1 - - [18/May/2026:21:37:12 +0000] "GET /jobs/544d6163-09b6-4e56-8986-d9c4bcd1c603 HTTP/1.1" 200 339 "https://wpyde-46-34-192-58.run.pinggy-free.link/" "Mozilla/5.0 (Macintosh; Intel Mac OS X 10_15_7) AppleWebKit/537.36 (KHTML, like Gecko) Chrome/148.0.0.0 Safari/537.36" "46.34.192.58"
user-service-1        | {"time":"2026-05-18T21:37:12.856679545Z","level":"INFO","msg":"gRPC call succeeded","method":"/user.UserService/GetUser","duration_ms":3}
frontend-1            | 192.168.65.1 - - [18/May/2026:21:37:12 +0000] "GET /users/fbca8a4f-9321-4dd5-924e-21273697edbf HTTP/1.1" 200 212 "https://wpyde-46-34-192-58.run.pinggy-free.link/" "Mozilla/5.0 (Macintosh; Intel Mac OS X 10_15_7) AppleWebKit/537.36 (KHTML, like Gecko) Chrome/148.0.0.0 Safari/537.36" "46.34.192.58"
frontend-1            | 192.168.65.1 - - [18/May/2026:21:37:17 +0000] "POST /api/messages HTTP/1.1" 201 255 "https://wpyde-46-34-192-58.run.pinggy-free.link/" "Mozilla/5.0 (Macintosh; Intel Mac OS X 10_15_7) AppleWebKit/537.36 (KHTML, like Gecko) Chrome/148.0.0.0 Safari/537.36" "46.34.192.58"
frontend-1            | 192.168.65.1 - - [18/May/2026:21:37:19 +0000] "GET /api/dialogs HTTP/1.1" 200 381 "https://wpyde-46-34-192-58.run.pinggy-free.link/" "Mozilla/5.0 (Macintosh; Intel Mac OS X 10_15_7) AppleWebKit/537.36 (KHTML, like Gecko) Chrome/148.0.0.0 Safari/537.36" "46.34.192.58"
user-service-1        | {"time":"2026-05-18T21:37:19.25049334Z","level":"INFO","msg":"gRPC call succeeded","method":"/user.UserService/GetUser","duration_ms":1}
frontend-1            | 192.168.65.1 - - [18/May/2026:21:37:19 +0000] "GET /users/fbca8a4f-9321-4dd5-924e-21273697edbf HTTP/1.1" 200 212 "https://wpyde-46-34-192-58.run.pinggy-free.link/" "Mozilla/5.0 (Macintosh; Intel Mac OS X 10_15_7) AppleWebKit/537.36 (KHTML, like Gecko) Chrome/148.0.0.0 Safari/537.36" "46.34.192.58"
frontend-1            | 192.168.65.1 - - [18/May/2026:21:37:20 +0000] "GET /jobs?page=1&page_size=12 HTTP/1.1" 200 360 "https://wpyde-46-34-192-58.run.pinggy-free.link/" "Mozilla/5.0 (Macintosh; Intel Mac OS X 10_15_7) AppleWebKit/537.36 (KHTML, like Gecko) Chrome/148.0.0.0 Safari/537.36" "46.34.192.58"
frontend-1            | 192.168.65.1 - - [18/May/2026:21:37:22 +0000] "GET /jobs/544d6163-09b6-4e56-8986-d9c4bcd1c603 HTTP/1.1" 200 339 "https://wpyde-46-34-192-58.run.pinggy-free.link/" "Mozilla/5.0 (Macintosh; Intel Mac OS X 10_15_7) AppleWebKit/537.36 (KHTML, like Gecko) Chrome/148.0.0.0 Safari/537.36" "46.34.192.58"
user-service-1        | {"time":"2026-05-18T21:37:22.727668133Z","level":"INFO","msg":"gRPC call succeeded","method":"/user.UserService/GetUser","duration_ms":0}
frontend-1            | 192.168.65.1 - - [18/May/2026:21:37:22 +0000] "GET /users/fbca8a4f-9321-4dd5-924e-21273697edbf HTTP/1.1" 200 212 "https://wpyde-46-34-192-58.run.pinggy-free.link/" "Mozilla/5.0 (Macintosh; Intel Mac OS X 10_15_7) AppleWebKit/537.36 (KHTML, like Gecko) Chrome/148.0.0.0 Safari/537.36" "46.34.192.58"
postgres-users-1      | 2026-05-18 21:37:35.410 UTC [26] LOG:  checkpoint starting: time
postgres-users-1      | 2026-05-18 21:37:36.144 UTC [26] LOG:  checkpoint complete: wrote 8 buffers (0.0%); 0 WAL file(s) added, 0 removed, 0 recycled; write=0.724 s, sync=0.006 s, total=0.735 s; sync files=8, longest=0.004 s, average=0.001 s; distance=1 kB, estimate=1 kB; lsn=0/196CF10, redo lsn=0/196CED8
postgres-messaging-1  | 2026-05-18 21:37:42.763 UTC [54] LOG:  checkpoint starting: time
postgres-jobs-1       | 2026-05-18 21:37:42.873 UTC [55] LOG:  checkpoint starting: time
postgres-messaging-1  | 2026-05-18 21:37:44.520 UTC [54] LOG:  checkpoint complete: wrote 18 buffers (0.1%); 0 WAL file(s) added, 0 removed, 0 recycled; write=1.746 s, sync=0.006 s, total=1.758 s; sync files=11, longest=0.005 s, average=0.001 s; distance=1 kB, estimate=401 kB; lsn=0/198E610, redo lsn=0/198E5D8
postgres-jobs-1       | 2026-05-18 21:37:44.830 UTC [55] LOG:  checkpoint complete: wrote 20 buffers (0.1%); 0 WAL file(s) added, 0 removed, 0 recycled; write=1.945 s, sync=0.006 s, total=1.958 s; sync files=14, longest=0.003 s, average=0.001 s; distance=1 kB, estimate=457 kB; lsn=0/19B06A8, redo lsn=0/19B0670
frontend-1            | 192.168.65.1 - - [18/May/2026:21:38:10 +0000] "GET /vite.svg HTTP/1.1" 304 0 "https://wpyde-46-34-192-58.run.pinggy-free.link/" "Mozilla/5.0 (Macintosh; Intel Mac OS X 10_15_7) AppleWebKit/537.36 (KHTML, like Gecko) Chrome/148.0.0.0 Safari/537.36" "46.34.192.58"
user-service-1        | {"time":"2026-05-18T21:38:13.800281629Z","level":"INFO","msg":"user logged in","user_id":"fbca8a4f-9321-4dd5-924e-21273697edbf"}
user-service-1        | {"time":"2026-05-18T21:38:13.800321629Z","level":"INFO","msg":"gRPC call succeeded","method":"/user.UserService/Login","duration_ms":93}
frontend-1            | 192.168.65.1 - - [18/May/2026:21:38:13 +0000] "POST /users/login HTTP/1.1" 200 555 "https://wpyde-46-34-192-58.run.pinggy-free.link/" "Mozilla/5.0 (Macintosh; Intel Mac OS X 10_15_7) AppleWebKit/537.36 (KHTML, like Gecko) Chrome/148.0.0.0 Safari/537.36" "46.34.192.58"
frontend-1            | 192.168.65.1 - - [18/May/2026:21:38:14 +0000] "GET /jobs?page=1&page_size=12 HTTP/1.1" 200 360 "https://wpyde-46-34-192-58.run.pinggy-free.link/" "Mozilla/5.0 (Macintosh; Intel Mac OS X 10_15_7) AppleWebKit/537.36 (KHTML, like Gecko) Chrome/148.0.0.0 Safari/537.36" "46.34.192.58"
frontend-1            | 192.168.65.1 - - [18/May/2026:21:38:15 +0000] "GET /api/dialogs HTTP/1.1" 200 381 "https://wpyde-46-34-192-58.run.pinggy-free.link/" "Mozilla/5.0 (Macintosh; Intel Mac OS X 10_15_7) AppleWebKit/537.36 (KHTML, like Gecko) Chrome/148.0.0.0 Safari/537.36" "46.34.192.58"
user-service-1        | {"time":"2026-05-18T21:38:15.939347463Z","level":"INFO","msg":"gRPC call succeeded","method":"/user.UserService/GetUser","duration_ms":1}
frontend-1            | 192.168.65.1 - - [18/May/2026:21:38:15 +0000] "GET /users/3508047d-68b7-4e99-99f9-eaf996c70203 HTTP/1.1" 200 176 "https://wpyde-46-34-192-58.run.pinggy-free.link/" "Mozilla/5.0 (Macintosh; Intel Mac OS X 10_15_7) AppleWebKit/537.36 (KHTML, like Gecko) Chrome/148.0.0.0 Safari/537.36" "46.34.192.58"
frontend-1            | 192.168.65.1 - - [18/May/2026:21:38:17 +0000] "GET /api/messages?user_id=3508047d-68b7-4e99-99f9-eaf996c70203&limit=50&offset=0&project_id=544d6163-09b6-4e56-8986-d9c4bcd1c603 HTTP/1.1" 200 257 "https://wpyde-46-34-192-58.run.pinggy-free.link/" "Mozilla/5.0 (Macintosh; Intel Mac OS X 10_15_7) AppleWebKit/537.36 (KHTML, like Gecko) Chrome/148.0.0.0 Safari/537.36" "46.34.192.58"
frontend-1            | 192.168.65.1 - - [18/May/2026:21:38:21 +0000] "POST /api/messages HTTP/1.1" 201 255 "https://wpyde-46-34-192-58.run.pinggy-free.link/" "Mozilla/5.0 (Macintosh; Intel Mac OS X 10_15_7) AppleWebKit/537.36 (KHTML, like Gecko) Chrome/148.0.0.0 Safari/537.36" "46.34.192.58"
frontend-1            | 192.168.65.1 - - [18/May/2026:21:38:21 +0000] "GET /api/messages?user_id=3508047d-68b7-4e99-99f9-eaf996c70203&limit=50&offset=0&project_id=544d6163-09b6-4e56-8986-d9c4bcd1c603 HTTP/1.1" 200 512 "https://wpyde-46-34-192-58.run.pinggy-free.link/" "Mozilla/5.0 (Macintosh; Intel Mac OS X 10_15_7) AppleWebKit/537.36 (KHTML, like Gecko) Chrome/148.0.0.0 Safari/537.36" "46.34.192.58"
user-service-1        | {"time":"2026-05-18T21:38:23.709147884Z","level":"INFO","msg":"gRPC call succeeded","method":"/user.UserService/GetUser","duration_ms":1}
frontend-1            | 192.168.65.1 - - [18/May/2026:21:38:23 +0000] "GET /users/fbca8a4f-9321-4dd5-924e-21273697edbf HTTP/1.1" 200 212 "https://wpyde-46-34-192-58.run.pinggy-free.link/" "Mozilla/5.0 (Macintosh; Intel Mac OS X 10_15_7) AppleWebKit/537.36 (KHTML, like Gecko) Chrome/148.0.0.0 Safari/537.36" "46.34.192.58"
frontend-1            | 192.168.65.1 - - [18/May/2026:21:38:24 +0000] "GET /jobs?page=1&page_size=50&client_id=fbca8a4f-9321-4dd5-924e-21273697edbf HTTP/1.1" 200 360 "https://wpyde-46-34-192-58.run.pinggy-free.link/" "Mozilla/5.0 (Macintosh; Intel Mac OS X 10_15_7) AppleWebKit/537.36 (KHTML, like Gecko) Chrome/148.0.0.0 Safari/537.36" "46.34.192.58"
frontend-1            | 192.168.65.1 - - [18/May/2026:21:38:26 +0000] "GET /jobs?page=1&page_size=12 HTTP/1.1" 200 360 "https://wpyde-46-34-192-58.run.pinggy-free.link/" "Mozilla/5.0 (Macintosh; Intel Mac OS X 10_15_7) AppleWebKit/537.36 (KHTML, like Gecko) Chrome/148.0.0.0 Safari/537.36" "46.34.192.58"
user-service-1        | {"time":"2026-05-18T21:38:53.581916634Z","level":"INFO","msg":"gRPC call succeeded","method":"/user.UserService/GetUser","duration_ms":1}
frontend-1            | 192.168.65.1 - - [18/May/2026:21:38:53 +0000] "GET /users/fbca8a4f-9321-4dd5-924e-21273697edbf HTTP/1.1" 200 212 "https://wpyde-46-34-192-58.run.pinggy-free.link/" "Mozilla/5.0 (Macintosh; Intel Mac OS X 10_15_7) AppleWebKit/537.36 (KHTML, like Gecko) Chrome/148.0.0.0 Safari/537.36" "46.34.192.58"
frontend-1            | 192.168.65.1 - - [18/May/2026:21:38:53 +0000] "GET /vite.svg HTTP/1.1" 304 0 "https://wpyde-46-34-192-58.run.pinggy-free.link/" "Mozilla/5.0 (Macintosh; Intel Mac OS X 10_15_7) AppleWebKit/537.36 (KHTML, like Gecko) Chrome/148.0.0.0 Safari/537.36" "46.34.192.58"
frontend-1            | 142.251.127.108 - - [18/May/2026:21:38:53 +0000] "GET /jobs?page=1&page_size=50&client_id=fbca8a4f-9321-4dd5-924e-21273697edbf HTTP/1.1" 200 360 "https://wpyde-46-34-192-58.run.pinggy-free.link/" "Mozilla/5.0 (Macintosh; Intel Mac OS X 10_15_7) AppleWebKit/537.36 (KHTML, like Gecko) Chrome/148.0.0.0 Safari/537.36" "46.34.192.58"
frontend-1            | 142.251.127.108 - - [18/May/2026:21:39:08 +0000] "PATCH /users/fbca8a4f-9321-4dd5-924e-21273697edbf HTTP/1.1" 200 212 "https://wpyde-46-34-192-58.run.pinggy-free.link/" "Mozilla/5.0 (Macintosh; Intel Mac OS X 10_15_7) AppleWebKit/537.36 (KHTML, like Gecko) Chrome/148.0.0.0 Safari/537.36" "46.34.192.58"
user-service-1        | {"time":"2026-05-18T21:39:08.791896502Z","level":"INFO","msg":"user updated","user_id":"fbca8a4f-9321-4dd5-924e-21273697edbf"}
user-service-1        | {"time":"2026-05-18T21:39:08.791935043Z","level":"INFO","msg":"gRPC call succeeded","method":"/user.UserService/UpdateUser","duration_ms":3}
user-service-1        | {"time":"2026-05-18T21:39:09.061255293Z","level":"INFO","msg":"gRPC call succeeded","method":"/user.UserService/GetUser","duration_ms":0}
frontend-1            | 142.251.127.108 - - [18/May/2026:21:39:09 +0000] "GET /users/fbca8a4f-9321-4dd5-924e-21273697edbf HTTP/1.1" 200 212 "https://wpyde-46-34-192-58.run.pinggy-free.link/" "Mozilla/5.0 (Macintosh; Intel Mac OS X 10_15_7) AppleWebKit/537.36 (KHTML, like Gecko) Chrome/148.0.0.0 Safari/537.36" "46.34.192.58"
frontend-1            | 142.251.127.108 - - [18/May/2026:21:39:09 +0000] "GET /jobs?page=1&page_size=50&client_id=fbca8a4f-9321-4dd5-924e-21273697edbf HTTP/1.1" 200 360 "https://wpyde-46-34-192-58.run.pinggy-free.link/" "Mozilla/5.0 (Macintosh; Intel Mac OS X 10_15_7) AppleWebKit/537.36 (KHTML, like Gecko) Chrome/148.0.0.0 Safari/537.36" "46.34.192.58"
frontend-1            | 142.251.127.108 - - [18/May/2026:21:39:11 +0000] "GET /jobs?page=1&page_size=12 HTTP/1.1" 200 360 "https://wpyde-46-34-192-58.run.pinggy-free.link/" "Mozilla/5.0 (Macintosh; Intel Mac OS X 10_15_7) AppleWebKit/537.36 (KHTML, like Gecko) Chrome/148.0.0.0 Safari/537.36" "46.34.192.58"
[Kuser-service-1 has been recreated
[Kmessaging-service-1 has been recreated
[Kjob-service-1 has been recreated
user-service-1        | {"time":"2026-05-18T21:40:15.395033088Z","level":"INFO","msg":"shutting down server..."}
user-service-1        | {"time":"2026-05-18T21:40:15.396565671Z","level":"INFO","msg":"server stopped gracefully"}
rabbitmq-1            | [38;5;214m2026-05-18 21:40:15.410206+00:00 [warning] <0.1479.0> closing AMQP connection <0.1479.0> (172.21.0.2:47254 -> 172.21.0.6:5672, vhost: '/', user: 'guest'):[0m
rabbitmq-1            | [38;5;214m2026-05-18 21:40:15.410206+00:00 [warning] <0.1479.0> client unexpectedly closed TCP connection[0m
[Kuser-service-1 exited with code 0
[Kmessaging-service-1 exited with code 2
[Kjob-service-1 exited with code 2
[Kjob-gateway-1 has been recreated
[Kjob-gateway-1 exited with code 2
[Kfrontend-1 has been recreated
frontend-1            | 2026/05/18 21:40:16 [notice] 1#1: signal 3 (SIGQUIT) received, shutting down
frontend-1            | 2026/05/18 21:40:16 [notice] 32#32: gracefully shutting down
frontend-1            | 2026/05/18 21:40:16 [notice] 29#29: gracefully shutting down
frontend-1            | 2026/05/18 21:40:16 [notice] 31#31: gracefully shutting down
frontend-1            | 2026/05/18 21:40:16 [notice] 30#30: gracefully shutting down
frontend-1            | 2026/05/18 21:40:16 [notice] 31#31: exiting
frontend-1            | 2026/05/18 21:40:16 [notice] 29#29: exiting
frontend-1            | 2026/05/18 21:40:16 [notice] 30#30: exiting
frontend-1            | 2026/05/18 21:40:16 [notice] 32#32: exiting
frontend-1            | 2026/05/18 21:40:16 [notice] 34#34: gracefully shutting down
frontend-1            | 2026/05/18 21:40:16 [notice] 36#36: gracefully shutting down
frontend-1            | 2026/05/18 21:40:16 [notice] 31#31: exit
frontend-1            | 2026/05/18 21:40:16 [notice] 35#35: gracefully shutting down
frontend-1            | 2026/05/18 21:40:16 [notice] 35#35: exiting
frontend-1            | 2026/05/18 21:40:16 [notice] 30#30: exit
frontend-1            | 2026/05/18 21:40:16 [notice] 34#34: exiting
frontend-1            | 2026/05/18 21:40:16 [notice] 36#36: exiting
frontend-1            | 2026/05/18 21:40:16 [notice] 34#34: exit
frontend-1            | 2026/05/18 21:40:16 [notice] 35#35: exit
frontend-1            | 2026/05/18 21:40:16 [notice] 32#32: exit
frontend-1            | 2026/05/18 21:40:16 [notice] 36#36: exit
frontend-1            | 2026/05/18 21:40:16 [notice] 33#33: gracefully shutting down
frontend-1            | 2026/05/18 21:40:16 [notice] 33#33: exiting
frontend-1            | 2026/05/18 21:40:16 [notice] 33#33: exit
frontend-1            | 2026/05/18 21:40:16 [notice] 29#29: exit
frontend-1            | 2026/05/18 21:40:16 [notice] 1#1: signal 17 (SIGCHLD) received from 36
frontend-1            | 2026/05/18 21:40:16 [notice] 1#1: worker process 36 exited with code 0
frontend-1            | 2026/05/18 21:40:16 [notice] 1#1: signal 29 (SIGIO) received
frontend-1            | 2026/05/18 21:40:16 [notice] 1#1: signal 17 (SIGCHLD) received from 32
frontend-1            | 2026/05/18 21:40:16 [notice] 1#1: worker process 32 exited with code 0
frontend-1            | 2026/05/18 21:40:16 [notice] 1#1: signal 29 (SIGIO) received
frontend-1            | 2026/05/18 21:40:16 [notice] 1#1: signal 17 (SIGCHLD) received from 33
frontend-1            | 2026/05/18 21:40:16 [notice] 1#1: worker process 33 exited with code 0
frontend-1            | 2026/05/18 21:40:16 [notice] 1#1: signal 29 (SIGIO) received
frontend-1            | 2026/05/18 21:40:16 [notice] 1#1: signal 17 (SIGCHLD) received from 30
frontend-1            | 2026/05/18 21:40:16 [notice] 1#1: worker process 30 exited with code 0
frontend-1            | 2026/05/18 21:40:16 [notice] 1#1: worker process 34 exited with code 0
frontend-1            | 2026/05/18 21:40:16 [notice] 1#1: signal 29 (SIGIO) received
frontend-1            | 2026/05/18 21:40:16 [notice] 1#1: signal 17 (SIGCHLD) received from 31
frontend-1            | 2026/05/18 21:40:16 [notice] 1#1: worker process 29 exited with code 0
frontend-1            | 2026/05/18 21:40:16 [notice] 1#1: worker process 31 exited with code 0
frontend-1            | 2026/05/18 21:40:16 [notice] 1#1: signal 29 (SIGIO) received
frontend-1            | 2026/05/18 21:40:16 [notice] 1#1: signal 17 (SIGCHLD) received from 35
frontend-1            | 2026/05/18 21:40:16 [notice] 1#1: worker process 35 exited with code 0
frontend-1            | 2026/05/18 21:40:16 [notice] 1#1: exit
[Kfrontend-1 exited with code 0
job-migrate-1         | no change
user-service-1        | {"time":"2026-05-18T21:40:16.872748631Z","level":"INFO","msg":"connected to database","host":"postgres-users","db":"userservice"}
user-service-1        | {"time":"2026-05-18T21:40:16.873260964Z","level":"INFO","msg":"gRPC server started","addr":":50051"}
[Kjob-migrate-1 exited with code 0
messaging-service-1   | 2026/05/18 21:40:16 Messaging Service listening on :50053
rabbitmq-1            | 2026-05-18 21:40:17.422024+00:00 [info] <0.1641.0> accepting AMQP connection <0.1641.0> (172.21.0.2:51300 -> 172.21.0.6:5672)[0m
rabbitmq-1            | 2026-05-18 21:40:17.425710+00:00 [info] <0.1641.0> connection <0.1641.0> (172.21.0.2:51300 -> 172.21.0.6:5672): user 'guest' authenticated and granted access to vhost '/'[0m
job-service-1         | 2026/05/18 21:40:17 Job Service listening on :50052
job-gateway-1         | 2026/05/18 21:40:17 API Gateway listening on :8080 | job=job-service:50052 user=user-service:50051 messaging=messaging-service:50053
frontend-1            | /docker-entrypoint.sh: /docker-entrypoint.d/ is not empty, will attempt to perform configuration
frontend-1            | /docker-entrypoint.sh: Looking for shell scripts in /docker-entrypoint.d/
frontend-1            | /docker-entrypoint.sh: Launching /docker-entrypoint.d/10-listen-on-ipv6-by-default.sh
frontend-1            | 10-listen-on-ipv6-by-default.sh: info: Getting the checksum of /etc/nginx/conf.d/default.conf
frontend-1            | 10-listen-on-ipv6-by-default.sh: info: /etc/nginx/conf.d/default.conf differs from the packaged version
frontend-1            | /docker-entrypoint.sh: Sourcing /docker-entrypoint.d/15-local-resolvers.envsh
frontend-1            | /docker-entrypoint.sh: Launching /docker-entrypoint.d/20-envsubst-on-templates.sh
frontend-1            | /docker-entrypoint.sh: Launching /docker-entrypoint.d/30-tune-worker-processes.sh
frontend-1            | /docker-entrypoint.sh: Configuration complete; ready for start up
frontend-1            | 2026/05/18 21:40:17 [notice] 1#1: using the "epoll" event method
frontend-1            | 2026/05/18 21:40:17 [notice] 1#1: nginx/1.29.7
frontend-1            | 2026/05/18 21:40:17 [notice] 1#1: built by gcc 15.2.0 (Alpine 15.2.0) 
frontend-1            | 2026/05/18 21:40:17 [notice] 1#1: OS: Linux 6.12.76-linuxkit
frontend-1            | 2026/05/18 21:40:17 [notice] 1#1: getrlimit(RLIMIT_NOFILE): 1048576:1048576
frontend-1            | 2026/05/18 21:40:17 [notice] 1#1: start worker processes
frontend-1            | 2026/05/18 21:40:17 [notice] 1#1: start worker process 29
frontend-1            | 2026/05/18 21:40:17 [notice] 1#1: start worker process 30
frontend-1            | 2026/05/18 21:40:17 [notice] 1#1: start worker process 31
frontend-1            | 2026/05/18 21:40:17 [notice] 1#1: start worker process 32
frontend-1            | 2026/05/18 21:40:17 [notice] 1#1: start worker process 33
frontend-1            | 2026/05/18 21:40:17 [notice] 1#1: start worker process 34
frontend-1            | 2026/05/18 21:40:17 [notice] 1#1: start worker process 35
frontend-1            | 2026/05/18 21:40:17 [notice] 1#1: start worker process 36
frontend-1            | 142.251.127.108 - - [18/May/2026:21:40:54 +0000] "GET /vite.svg HTTP/1.1" 200 941 "https://wpyde-46-34-192-58.run.pinggy-free.link/" "Mozilla/5.0 (Macintosh; Intel Mac OS X 10_15_7) AppleWebKit/537.36 (KHTML, like Gecko) Chrome/148.0.0.0 Safari/537.36" "46.34.192.58"
frontend-1            | 142.251.127.108 - - [18/May/2026:21:40:54 +0000] "GET /jobs/544d6163-09b6-4e56-8986-d9c4bcd1c603 HTTP/1.1" 200 339 "https://wpyde-46-34-192-58.run.pinggy-free.link/" "Mozilla/5.0 (Macintosh; Intel Mac OS X 10_15_7) AppleWebKit/537.36 (KHTML, like Gecko) Chrome/148.0.0.0 Safari/537.36" "46.34.192.58"
user-service-1        | {"time":"2026-05-18T21:40:54.377783092Z","level":"INFO","msg":"gRPC call succeeded","method":"/user.UserService/GetUser","duration_ms":4}
frontend-1            | 142.251.127.108 - - [18/May/2026:21:40:54 +0000] "GET /users/fbca8a4f-9321-4dd5-924e-21273697edbf HTTP/1.1" 200 212 "https://wpyde-46-34-192-58.run.pinggy-free.link/" "Mozilla/5.0 (Macintosh; Intel Mac OS X 10_15_7) AppleWebKit/537.36 (KHTML, like Gecko) Chrome/148.0.0.0 Safari/537.36" "46.34.192.58"
frontend-1            | 142.251.127.108 - - [18/May/2026:21:41:05 +0000] "GET /vite.svg HTTP/1.1" 304 0 "https://wpyde-46-34-192-58.run.pinggy-free.link/" "Mozilla/5.0 (Macintosh; Intel Mac OS X 10_15_7) AppleWebKit/537.36 (KHTML, like Gecko) Chrome/148.0.0.0 Safari/537.36" "46.34.192.58"
user-service-1        | {"time":"2026-05-18T21:41:10.522003586Z","level":"INFO","msg":"user logged in","user_id":"3508047d-68b7-4e99-99f9-eaf996c70203"}
user-service-1        | {"time":"2026-05-18T21:41:10.522031044Z","level":"INFO","msg":"gRPC call succeeded","method":"/user.UserService/Login","duration_ms":96}
frontend-1            | 142.251.127.108 - - [18/May/2026:21:41:10 +0000] "POST /users/login HTTP/1.1" 200 515 "https://wpyde-46-34-192-58.run.pinggy-free.link/" "Mozilla/5.0 (Macintosh; Intel Mac OS X 10_15_7) AppleWebKit/537.36 (KHTML, like Gecko) Chrome/148.0.0.0 Safari/537.36" "46.34.192.58"
frontend-1            | 142.251.127.108 - - [18/May/2026:21:41:10 +0000] "GET /jobs?page=1&page_size=12 HTTP/1.1" 200 360 "https://wpyde-46-34-192-58.run.pinggy-free.link/" "Mozilla/5.0 (Macintosh; Intel Mac OS X 10_15_7) AppleWebKit/537.36 (KHTML, like Gecko) Chrome/148.0.0.0 Safari/537.36" "46.34.192.58"
frontend-1            | 142.251.127.108 - - [18/May/2026:21:41:10 +0000] "GET /vite.svg HTTP/1.1" 304 0 "https://wpyde-46-34-192-58.run.pinggy-free.link/" "Mozilla/5.0 (Macintosh; Intel Mac OS X 10_15_7) AppleWebKit/537.36 (KHTML, like Gecko) Chrome/148.0.0.0 Safari/537.36" "46.34.192.58"
frontend-1            | 142.251.127.108 - - [18/May/2026:21:41:12 +0000] "GET /jobs/544d6163-09b6-4e56-8986-d9c4bcd1c603 HTTP/1.1" 200 339 "https://wpyde-46-34-192-58.run.pinggy-free.link/" "Mozilla/5.0 (Macintosh; Intel Mac OS X 10_15_7) AppleWebKit/537.36 (KHTML, like Gecko) Chrome/148.0.0.0 Safari/537.36" "46.34.192.58"
user-service-1        | {"time":"2026-05-18T21:41:12.910114004Z","level":"INFO","msg":"gRPC call succeeded","method":"/user.UserService/GetUser","duration_ms":1}
frontend-1            | 142.251.127.108 - - [18/May/2026:21:41:12 +0000] "GET /users/fbca8a4f-9321-4dd5-924e-21273697edbf HTTP/1.1" 200 212 "https://wpyde-46-34-192-58.run.pinggy-free.link/" "Mozilla/5.0 (Macintosh; Intel Mac OS X 10_15_7) AppleWebKit/537.36 (KHTML, like Gecko) Chrome/148.0.0.0 Safari/537.36" "46.34.192.58"
frontend-1            | 142.251.127.108 - - [18/May/2026:21:41:17 +0000] "POST /jobs/544d6163-09b6-4e56-8986-d9c4bcd1c603/apply HTTP/1.1" 201 259 "https://wpyde-46-34-192-58.run.pinggy-free.link/" "Mozilla/5.0 (Macintosh; Intel Mac OS X 10_15_7) AppleWebKit/537.36 (KHTML, like Gecko) Chrome/148.0.0.0 Safari/537.36" "46.34.192.58"
frontend-1            | 142.251.127.108 - - [18/May/2026:21:41:19 +0000] "GET / HTTP/1.1" 200 941 "https://wpyde-46-34-192-58.run.pinggy-free.link/" "Mozilla/5.0 (Macintosh; Intel Mac OS X 10_15_7) AppleWebKit/537.36 (KHTML, like Gecko) Chrome/148.0.0.0 Safari/537.36" "46.34.192.58"
frontend-1            | 142.251.127.108 - - [18/May/2026:21:41:20 +0000] "GET /assets/index-CltmfI4B.js HTTP/1.1" 200 31778 "https://wpyde-46-34-192-58.run.pinggy-free.link/" "Mozilla/5.0 (Macintosh; Intel Mac OS X 10_15_7) AppleWebKit/537.36 (KHTML, like Gecko) Chrome/148.0.0.0 Safari/537.36" "46.34.192.58"
frontend-1            | 142.251.127.108 - - [18/May/2026:21:41:20 +0000] "GET /assets/index-B9ilbw_K.css HTTP/1.1" 200 14760 "https://wpyde-46-34-192-58.run.pinggy-free.link/" "Mozilla/5.0 (Macintosh; Intel Mac OS X 10_15_7) AppleWebKit/537.36 (KHTML, like Gecko) Chrome/148.0.0.0 Safari/537.36" "46.34.192.58"
frontend-1            | 142.251.127.108 - - [18/May/2026:21:41:20 +0000] "GET /jobs/544d6163-09b6-4e56-8986-d9c4bcd1c603 HTTP/1.1" 200 339 "https://wpyde-46-34-192-58.run.pinggy-free.link/" "Mozilla/5.0 (Macintosh; Intel Mac OS X 10_15_7) AppleWebKit/537.36 (KHTML, like Gecko) Chrome/148.0.0.0 Safari/537.36" "46.34.192.58"
frontend-1            | 142.251.127.108 - - [18/May/2026:21:41:20 +0000] "GET /vite.svg HTTP/1.1" 304 0 "https://wpyde-46-34-192-58.run.pinggy-free.link/" "Mozilla/5.0 (Macintosh; Intel Mac OS X 10_15_7) AppleWebKit/537.36 (KHTML, like Gecko) Chrome/148.0.0.0 Safari/537.36" "46.34.192.58"
user-service-1        | {"time":"2026-05-18T21:41:20.627234049Z","level":"INFO","msg":"gRPC call succeeded","method":"/user.UserService/GetUser","duration_ms":4}
frontend-1            | 142.251.127.108 - - [18/May/2026:21:41:20 +0000] "GET /users/fbca8a4f-9321-4dd5-924e-21273697edbf HTTP/1.1" 200 212 "https://wpyde-46-34-192-58.run.pinggy-free.link/" "Mozilla/5.0 (Macintosh; Intel Mac OS X 10_15_7) AppleWebKit/537.36 (KHTML, like Gecko) Chrome/148.0.0.0 Safari/537.36" "46.34.192.58"
frontend-1            | 142.251.127.108 - - [18/May/2026:21:41:24 +0000] "GET /api/dialogs HTTP/1.1" 200 381 "https://wpyde-46-34-192-58.run.pinggy-free.link/" "Mozilla/5.0 (Macintosh; Intel Mac OS X 10_15_7) AppleWebKit/537.36 (KHTML, like Gecko) Chrome/148.0.0.0 Safari/537.36" "46.34.192.58"
user-service-1        | {"time":"2026-05-18T21:41:24.334073592Z","level":"INFO","msg":"gRPC call succeeded","method":"/user.UserService/GetUser","duration_ms":0}
frontend-1            | 142.251.127.108 - - [18/May/2026:21:41:24 +0000] "GET /users/fbca8a4f-9321-4dd5-924e-21273697edbf HTTP/1.1" 200 212 "https://wpyde-46-34-192-58.run.pinggy-free.link/" "Mozilla/5.0 (Macintosh; Intel Mac OS X 10_15_7) AppleWebKit/537.36 (KHTML, like Gecko) Chrome/148.0.0.0 Safari/537.36" "46.34.192.58"
frontend-1            | 142.251.127.108 - - [18/May/2026:21:41:25 +0000] "GET /jobs?page=1&page_size=12 HTTP/1.1" 200 360 "https://wpyde-46-34-192-58.run.pinggy-free.link/" "Mozilla/5.0 (Macintosh; Intel Mac OS X 10_15_7) AppleWebKit/537.36 (KHTML, like Gecko) Chrome/148.0.0.0 Safari/537.36" "46.34.192.58"
frontend-1            | 142.251.127.108 - - [18/May/2026:21:41:26 +0000] "GET /api/dialogs HTTP/1.1" 200 381 "https://wpyde-46-34-192-58.run.pinggy-free.link/" "Mozilla/5.0 (Macintosh; Intel Mac OS X 10_15_7) AppleWebKit/537.36 (KHTML, like Gecko) Chrome/148.0.0.0 Safari/537.36" "46.34.192.58"
user-service-1        | {"time":"2026-05-18T21:41:26.569651302Z","level":"INFO","msg":"gRPC call succeeded","method":"/user.UserService/GetUser","duration_ms":0}
frontend-1            | 142.251.127.108 - - [18/May/2026:21:41:26 +0000] "GET /users/fbca8a4f-9321-4dd5-924e-21273697edbf HTTP/1.1" 200 212 "https://wpyde-46-34-192-58.run.pinggy-free.link/" "Mozilla/5.0 (Macintosh; Intel Mac OS X 10_15_7) AppleWebKit/537.36 (KHTML, like Gecko) Chrome/148.0.0.0 Safari/537.36" "46.34.192.58"
frontend-1            | 142.251.127.108 - - [18/May/2026:21:41:27 +0000] "GET /api/messages?user_id=fbca8a4f-9321-4dd5-924e-21273697edbf&limit=50&offset=0&project_id=544d6163-09b6-4e56-8986-d9c4bcd1c603 HTTP/1.1" 200 512 "https://wpyde-46-34-192-58.run.pinggy-free.link/" "Mozilla/5.0 (Macintosh; Intel Mac OS X 10_15_7) AppleWebKit/537.36 (KHTML, like Gecko) Chrome/148.0.0.0 Safari/537.36" "46.34.192.58"
frontend-1            | 142.251.127.108 - - [18/May/2026:21:41:30 +0000] "GET /jobs?page=1&page_size=12 HTTP/1.1" 200 360 "https://wpyde-46-34-192-58.run.pinggy-free.link/" "Mozilla/5.0 (Macintosh; Intel Mac OS X 10_15_7) AppleWebKit/537.36 (KHTML, like Gecko) Chrome/148.0.0.0 Safari/537.36" "46.34.192.58"
frontend-1            | 142.251.127.108 - - [18/May/2026:21:41:30 +0000] "GET /vite.svg HTTP/1.1" 304 0 "https://wpyde-46-34-192-58.run.pinggy-free.link/" "Mozilla/5.0 (Macintosh; Intel Mac OS X 10_15_7) AppleWebKit/537.36 (KHTML, like Gecko) Chrome/148.0.0.0 Safari/537.36" "46.34.192.58"
