[Kuser-service-1 exited with code 1 (restarting)
user-service-1        | {"time":"2026-05-18T21:16:52.109548925Z","level":"ERROR","msg":"failed to connect to database","error":"ping database: failed to connect to `user=postgres database=userservice`: hostname resolving error: lookup postgres-users on 127.0.0.11:53: no such host"}
[Kuser-service-1 exited with code 1 (restarting)
postgres-messaging-1  | 2026-05-18 21:17:42.161 UTC [54] LOG:  checkpoint starting: time
postgres-jobs-1       | 2026-05-18 21:17:42.162 UTC [55] LOG:  checkpoint starting: time
user-service-1        | {"time":"2026-05-18T21:17:43.440873796Z","level":"ERROR","msg":"failed to connect to database","error":"ping database: failed to connect to `user=postgres database=userservice`: hostname resolving error: lookup postgres-users on 127.0.0.11:53: no such host"}
[Kuser-service-1 exited with code 1 (restarting)
postgres-messaging-1  | 2026-05-18 21:17:51.446 UTC [54] LOG:  checkpoint complete: wrote 93 buffers (0.6%); 0 WAL file(s) added, 0 removed, 0 recycled; write=9.265 s, sync=0.011 s, total=9.286 s; sync files=54, longest=0.007 s, average=0.001 s; distance=445 kB, estimate=445 kB; lsn=0/198E070, redo lsn=0/198E038
postgres-jobs-1       | 2026-05-18 21:17:53.630 UTC [55] LOG:  checkpoint complete: wrote 114 buffers (0.7%); 0 WAL file(s) added, 0 removed, 0 recycled; write=11.446 s, sync=0.013 s, total=11.469 s; sync files=90, longest=0.007 s, average=0.001 s; distance=562 kB, estimate=562 kB; lsn=0/19AB3B8, redo lsn=0/19AB380
user-service-1        | {"time":"2026-05-18T21:18:43.553399129Z","level":"ERROR","msg":"failed to connect to database","error":"ping database: failed to connect to `user=postgres database=userservice`: hostname resolving error: lookup postgres-users on 127.0.0.11:53: no such host"}
[Kuser-service-1 exited with code 1 (restarting)
user-service-1        | {"time":"2026-05-18T21:19:43.675285046Z","level":"ERROR","msg":"failed to connect to database","error":"ping database: failed to connect to `user=postgres database=userservice`: hostname resolving error: lookup postgres-users on 127.0.0.11:53: no such host"}
[Kuser-service-1 exited with code 1 (restarting)
frontend-1            | 192.168.65.1 - - [18/May/2026:21:19:53 +0000] "GET / HTTP/1.1" 200 941 "-" "TelegramBot (like TwitterBot)" "149.154.161.232"
frontend-1            | 192.168.65.1 - - [18/May/2026:21:19:58 +0000] "GET / HTTP/1.1" 200 941 "https://wpyde-46-34-192-58.run.pinggy-free.link/" "Mozilla/5.0 (Macintosh; Intel Mac OS X 10_15_7) AppleWebKit/537.36 (KHTML, like Gecko) Chrome/148.0.0.0 Safari/537.36" "46.34.192.58"
frontend-1            | 192.168.65.1 - - [18/May/2026:21:19:59 +0000] "GET /assets/index-7JzGX96j.js HTTP/1.1" 200 29996 "https://wpyde-46-34-192-58.run.pinggy-free.link/" "Mozilla/5.0 (Macintosh; Intel Mac OS X 10_15_7) AppleWebKit/537.36 (KHTML, like Gecko) Chrome/148.0.0.0 Safari/537.36" "46.34.192.58"
frontend-1            | 192.168.65.1 - - [18/May/2026:21:19:59 +0000] "GET /assets/index-B9ilbw_K.css HTTP/1.1" 200 14760 "https://wpyde-46-34-192-58.run.pinggy-free.link/" "Mozilla/5.0 (Macintosh; Intel Mac OS X 10_15_7) AppleWebKit/537.36 (KHTML, like Gecko) Chrome/148.0.0.0 Safari/537.36" "46.34.192.58"
frontend-1            | 192.168.65.1 - - [18/May/2026:21:20:00 +0000] "GET /vite.svg HTTP/1.1" 200 941 "https://wpyde-46-34-192-58.run.pinggy-free.link/" "Mozilla/5.0 (Macintosh; Intel Mac OS X 10_15_7) AppleWebKit/537.36 (KHTML, like Gecko) Chrome/148.0.0.0 Safari/537.36" "46.34.192.58"
frontend-1            | 192.168.65.1 - - [18/May/2026:21:20:13 +0000] "GET / HTTP/1.1" 200 941 "https://wpyde-46-34-192-58.run.pinggy-free.link/" "Mozilla/5.0 (Windows NT 10.0; Win64; x64) AppleWebKit/537.36 (KHTML, like Gecko) Chrome/148.0.0.0 Safari/537.36" "178.89.61.147"
frontend-1            | 192.168.65.1 - - [18/May/2026:21:20:14 +0000] "GET /assets/index-7JzGX96j.js HTTP/1.1" 200 29996 "https://wpyde-46-34-192-58.run.pinggy-free.link/" "Mozilla/5.0 (Windows NT 10.0; Win64; x64) AppleWebKit/537.36 (KHTML, like Gecko) Chrome/148.0.0.0 Safari/537.36" "178.89.61.147"
frontend-1            | 192.168.65.1 - - [18/May/2026:21:20:14 +0000] "GET /assets/index-B9ilbw_K.css HTTP/1.1" 200 14760 "https://wpyde-46-34-192-58.run.pinggy-free.link/" "Mozilla/5.0 (Windows NT 10.0; Win64; x64) AppleWebKit/537.36 (KHTML, like Gecko) Chrome/148.0.0.0 Safari/537.36" "178.89.61.147"
frontend-1            | 192.168.65.1 - - [18/May/2026:21:20:15 +0000] "GET /vite.svg HTTP/1.1" 200 941 "https://wpyde-46-34-192-58.run.pinggy-free.link/" "Mozilla/5.0 (Windows NT 10.0; Win64; x64) AppleWebKit/537.36 (KHTML, like Gecko) Chrome/148.0.0.0 Safari/537.36" "178.89.61.147"
frontend-1            | 192.168.65.1 - - [18/May/2026:21:20:30 +0000] "POST /users/register HTTP/1.1" 503 57 "https://wpyde-46-34-192-58.run.pinggy-free.link/" "Mozilla/5.0 (Macintosh; Intel Mac OS X 10_15_7) AppleWebKit/537.36 (KHTML, like Gecko) Chrome/148.0.0.0 Safari/537.36" "178.89.61.147"
user-service-1        | {"time":"2026-05-18T21:20:43.798115129Z","level":"ERROR","msg":"failed to connect to database","error":"ping database: failed to connect to `user=postgres database=userservice`: hostname resolving error: lookup postgres-users on 127.0.0.11:53: no such host"}
[Kuser-service-1 exited with code 1 (restarting)
postgres-users-1      | 2026-05-18 21:20:49.056 UTC [58] LOG:  checkpoint starting: time
postgres-users-1      | 2026-05-18 21:20:53.710 UTC [58] LOG:  checkpoint complete: wrote 48 buffers (0.3%); 0 WAL file(s) added, 0 removed, 0 recycled; write=4.641 s, sync=0.007 s, total=4.654 s; sync files=13, longest=0.005 s, average=0.001 s; distance=260 kB, estimate=260 kB; lsn=0/196BC28, redo lsn=0/196BBF0
frontend-1            | 192.168.65.1 - - [18/May/2026:21:20:59 +0000] "POST /users/register HTTP/1.1" 503 57 "https://wpyde-46-34-192-58.run.pinggy-free.link/" "Mozilla/5.0 (Windows NT 10.0; Win64; x64) AppleWebKit/537.36 (KHTML, like Gecko) Chrome/148.0.0.0 Safari/537.36" "178.89.61.147"
frontend-1            | 192.168.65.1 - - [18/May/2026:21:21:10 +0000] "GET /jobs?page=1&page_size=12 HTTP/1.1" 200 24 "https://wpyde-46-34-192-58.run.pinggy-free.link/" "Mozilla/5.0 (Windows NT 10.0; Win64; x64) AppleWebKit/537.36 (KHTML, like Gecko) Chrome/148.0.0.0 Safari/537.36" "178.89.61.147"
frontend-1            | 192.168.65.1 - - [18/May/2026:21:21:13 +0000] "GET /vite.svg HTTP/1.1" 304 0 "https://wpyde-46-34-192-58.run.pinggy-free.link/" "Mozilla/5.0 (Windows NT 10.0; Win64; x64) AppleWebKit/537.36 (KHTML, like Gecko) Chrome/148.0.0.0 Safari/537.36" "178.89.61.147"
frontend-1            | 192.168.65.1 - - [18/May/2026:21:21:14 +0000] "POST /users/login HTTP/1.1" 503 57 "https://wpyde-46-34-192-58.run.pinggy-free.link/" "Mozilla/5.0 (Windows NT 10.0; Win64; x64) AppleWebKit/537.36 (KHTML, like Gecko) Chrome/148.0.0.0 Safari/537.36" "178.89.61.147"
frontend-1            | 192.168.65.1 - - [18/May/2026:21:21:23 +0000] "POST /users/register HTTP/1.1" 503 57 "https://wpyde-46-34-192-58.run.pinggy-free.link/" "Mozilla/5.0 (Windows NT 10.0; Win64; x64) AppleWebKit/537.36 (KHTML, like Gecko) Chrome/148.0.0.0 Safari/537.36" "178.89.61.147"
user-service-1        | {"time":"2026-05-18T21:21:43.936975254Z","level":"ERROR","msg":"failed to connect to database","error":"ping database: failed to connect to `user=postgres database=userservice`: hostname resolving error: lookup postgres-users on 127.0.0.11:53: no such host"}
[Kuser-service-1 exited with code 1 (restarting)
user-service-1        | {"time":"2026-05-18T21:21:45.770880547Z","level":"ERROR","msg":"failed to connect to database","error":"ping database: failed to connect to `user=postgres database=userservice`: hostname resolving error: lookup postgres-users on 127.0.0.11:53: no such host"}
[Kuser-service-1 exited with code 1 (restarting)
user-service-1        | {"time":"2026-05-18T21:21:46.006908672Z","level":"ERROR","msg":"failed to connect to database","error":"ping database: failed to connect to `user=postgres database=userservice`: hostname resolving error: lookup postgres-users on 127.0.0.11:53: no such host"}
[Kuser-service-1 exited with code 1 (restarting)
user-service-1        | {"time":"2026-05-18T21:21:46.309831214Z","level":"ERROR","msg":"failed to connect to database","error":"ping database: failed to connect to `user=postgres database=userservice`: hostname resolving error: lookup postgres-users on 127.0.0.11:53: no such host"}
[Kuser-service-1 exited with code 1 (restarting)
user-service-1        | {"time":"2026-05-18T21:21:46.829239589Z","level":"ERROR","msg":"failed to connect to database","error":"ping database: failed to connect to `user=postgres database=userservice`: hostname resolving error: lookup postgres-users on 127.0.0.11:53: no such host"}
[Kuser-service-1 exited with code 1 (restarting)
user-service-1        | {"time":"2026-05-18T21:21:47.713876923Z","level":"ERROR","msg":"failed to connect to database","error":"ping database: failed to connect to `user=postgres database=userservice`: hostname resolving error: lookup postgres-users on 127.0.0.11:53: no such host"}
[Kuser-service-1 exited with code 1 (restarting)
user-service-1        | {"time":"2026-05-18T21:21:49.429790049Z","level":"ERROR","msg":"failed to connect to database","error":"ping database: failed to connect to `user=postgres database=userservice`: hostname resolving error: lookup postgres-users on 127.0.0.11:53: no such host"}
[Kuser-service-1 exited with code 1 (restarting)
user-service-1        | {"time":"2026-05-18T21:21:52.7444863Z","level":"ERROR","msg":"failed to connect to database","error":"ping database: failed to connect to `user=postgres database=userservice`: hostname resolving error: lookup postgres-users on 127.0.0.11:53: no such host"}
[Kuser-service-1 exited with code 1 (restarting)
user-service-1        | {"time":"2026-05-18T21:21:59.267720845Z","level":"ERROR","msg":"failed to connect to database","error":"ping database: failed to connect to `user=postgres database=userservice`: hostname resolving error: lookup postgres-users on 127.0.0.11:53: no such host"}
[Kuser-service-1 exited with code 1 (restarting)
user-service-1        | {"time":"2026-05-18T21:22:12.20102567Z","level":"ERROR","msg":"failed to connect to database","error":"ping database: failed to connect to `user=postgres database=userservice`: hostname resolving error: lookup postgres-users on 127.0.0.11:53: no such host"}
[Kuser-service-1 exited with code 1 (restarting)
[Kpostgres-users-1 has been recreated
postgres-users-1      | 2026-05-18 21:22:35.410 UTC [1] LOG:  received fast shutdown request
postgres-users-1      | 2026-05-18 21:22:35.411 UTC [1] LOG:  aborting any active transactions
postgres-users-1      | 2026-05-18 21:22:35.414 UTC [1] LOG:  background worker "logical replication launcher" (PID 63) exited with exit code 1
postgres-users-1      | 2026-05-18 21:22:35.414 UTC [58] LOG:  shutting down
postgres-users-1      | 2026-05-18 21:22:35.415 UTC [58] LOG:  checkpoint starting: shutdown immediate
postgres-users-1      | 2026-05-18 21:22:35.419 UTC [58] LOG:  checkpoint complete: wrote 0 buffers (0.0%); 0 WAL file(s) added, 0 removed, 0 recycled; write=0.001 s, sync=0.001 s, total=0.005 s; sync files=0, longest=0.000 s, average=0.000 s; distance=0 kB, estimate=234 kB; lsn=0/196BCD8, redo lsn=0/196BCD8
postgres-users-1      | 2026-05-18 21:22:35.421 UTC [1] LOG:  database system is shut down
[Kpostgres-users-1 exited with code 0
postgres-users-1      | 
postgres-users-1      | PostgreSQL Database directory appears to contain a database; Skipping initialization
postgres-users-1      | 
postgres-users-1      | 2026-05-18 21:22:35.659 UTC [1] LOG:  starting PostgreSQL 16.13 on aarch64-unknown-linux-musl, compiled by gcc (Alpine 15.2.0) 15.2.0, 64-bit
postgres-users-1      | 2026-05-18 21:22:35.659 UTC [1] LOG:  listening on IPv4 address "0.0.0.0", port 5432
postgres-users-1      | 2026-05-18 21:22:35.659 UTC [1] LOG:  listening on IPv6 address "::", port 5432
postgres-users-1      | 2026-05-18 21:22:35.661 UTC [1] LOG:  listening on Unix socket "/var/run/postgresql/.s.PGSQL.5432"
postgres-users-1      | 2026-05-18 21:22:35.664 UTC [28] LOG:  database system was shut down at 2026-05-18 21:22:35 UTC
postgres-users-1      | 2026-05-18 21:22:35.667 UTC [1] LOG:  database system is ready to accept connections
job-migrate-1         | no change
[Kjob-migrate-1 exited with code 0
user-service-1        | {"time":"2026-05-18T21:22:37.922236085Z","level":"INFO","msg":"connected to database","host":"postgres-users","db":"userservice"}
user-service-1        | {"time":"2026-05-18T21:22:37.922971626Z","level":"INFO","msg":"gRPC server started","addr":":50051"}
postgres-jobs-1       | 2026-05-18 21:22:42.739 UTC [55] LOG:  checkpoint starting: time
postgres-jobs-1       | 2026-05-18 21:22:43.581 UTC [55] LOG:  checkpoint complete: wrote 8 buffers (0.0%); 0 WAL file(s) added, 0 removed, 0 recycled; write=0.831 s, sync=0.003 s, total=0.842 s; sync files=6, longest=0.003 s, average=0.001 s; distance=18 kB, estimate=508 kB; lsn=0/19AFF10, redo lsn=0/19AFED8
frontend-1            | 192.168.65.1 - - [18/May/2026:21:23:31 +0000] "GET / HTTP/1.1" 304 0 "https://wpyde-46-34-192-58.run.pinggy-free.link/" "Mozilla/5.0 (Macintosh; Intel Mac OS X 10_15_7) AppleWebKit/537.36 (KHTML, like Gecko) Chrome/148.0.0.0 Safari/537.36" "46.34.192.58"
frontend-1            | 192.168.65.1 - - [18/May/2026:21:23:31 +0000] "GET /assets/index-7JzGX96j.js HTTP/1.1" 304 0 "https://wpyde-46-34-192-58.run.pinggy-free.link/" "Mozilla/5.0 (Macintosh; Intel Mac OS X 10_15_7) AppleWebKit/537.36 (KHTML, like Gecko) Chrome/148.0.0.0 Safari/537.36" "46.34.192.58"
frontend-1            | 192.168.65.1 - - [18/May/2026:21:23:31 +0000] "GET /assets/index-B9ilbw_K.css HTTP/1.1" 304 0 "https://wpyde-46-34-192-58.run.pinggy-free.link/" "Mozilla/5.0 (Macintosh; Intel Mac OS X 10_15_7) AppleWebKit/537.36 (KHTML, like Gecko) Chrome/148.0.0.0 Safari/537.36" "46.34.192.58"
frontend-1            | 192.168.65.1 - - [18/May/2026:21:23:32 +0000] "GET /vite.svg HTTP/1.1" 304 0 "https://wpyde-46-34-192-58.run.pinggy-free.link/" "Mozilla/5.0 (Macintosh; Intel Mac OS X 10_15_7) AppleWebKit/537.36 (KHTML, like Gecko) Chrome/148.0.0.0 Safari/537.36" "46.34.192.58"
user-service-1        | {"time":"2026-05-18T21:23:47.755707673Z","level":"INFO","msg":"user registered","user_id":"fbca8a4f-9321-4dd5-924e-21273697edbf","email":"nazarbekforwork@gmail.com"}
user-service-1        | {"time":"2026-05-18T21:23:47.755747298Z","level":"INFO","msg":"gRPC call succeeded","method":"/user.UserService/Register","duration_ms":95}
frontend-1            | 192.168.65.1 - - [18/May/2026:21:23:47 +0000] "POST /users/register HTTP/1.1" 201 524 "https://wpyde-46-34-192-58.run.pinggy-free.link/" "Mozilla/5.0 (Macintosh; Intel Mac OS X 10_15_7) AppleWebKit/537.36 (KHTML, like Gecko) Chrome/148.0.0.0 Safari/537.36" "46.34.192.58"
frontend-1            | 192.168.65.1 - - [18/May/2026:21:23:48 +0000] "GET /jobs?page=1&page_size=12 HTTP/1.1" 200 24 "https://wpyde-46-34-192-58.run.pinggy-free.link/" "Mozilla/5.0 (Macintosh; Intel Mac OS X 10_15_7) AppleWebKit/537.36 (KHTML, like Gecko) Chrome/148.0.0.0 Safari/537.36" "46.34.192.58"
postgres-messaging-1  | 2026-05-18 21:23:54.579 UTC [67] ERROR:  SELECT DISTINCT ON expressions must match initial ORDER BY expressions at character 96
postgres-messaging-1  | 2026-05-18 21:23:54.579 UTC [67] STATEMENT:  
postgres-messaging-1  | 				SELECT DISTINCT ON (
postgres-messaging-1  | 					CASE WHEN sender_id = $1 THEN receiver_id ELSE sender_id END,
postgres-messaging-1  | 					project_id
postgres-messaging-1  | 				)
postgres-messaging-1  | 				id, sender_id, receiver_id, project_id, content, created_at, updated_at
postgres-messaging-1  | 				FROM messages
postgres-messaging-1  | 				WHERE sender_id = $2 OR receiver_id = $3
postgres-messaging-1  | 				ORDER BY 
postgres-messaging-1  | 					CASE WHEN sender_id = $4 THEN receiver_id ELSE sender_id END,
postgres-messaging-1  | 					project_id,
postgres-messaging-1  | 					created_at DESC
postgres-messaging-1  | 			
frontend-1            | 192.168.65.1 - - [18/May/2026:21:23:54 +0000] "GET /api/dialogs HTTP/1.1" 500 107 "https://wpyde-46-34-192-58.run.pinggy-free.link/" "Mozilla/5.0 (Macintosh; Intel Mac OS X 10_15_7) AppleWebKit/537.36 (KHTML, like Gecko) Chrome/148.0.0.0 Safari/537.36" "46.34.192.58"
messaging-service-1   | 
messaging-service-1   | 2026/05/18 21:23:54 [31;1m/app/internal/repository/messaging_repo.go:67 [35;1mERROR: SELECT DISTINCT ON expressions must match initial ORDER BY expressions (SQLSTATE 42P10)
messaging-service-1   | [0m[33m[5.096ms] [34;1m[rows:-][0m 
messaging-service-1   | 			SELECT DISTINCT ON (
messaging-service-1   | 				CASE WHEN sender_id = 'fbca8a4f-9321-4dd5-924e-21273697edbf' THEN receiver_id ELSE sender_id END,
messaging-service-1   | 				project_id
messaging-service-1   | 			)
messaging-service-1   | 			id, sender_id, receiver_id, project_id, content, created_at, updated_at
messaging-service-1   | 			FROM messages
messaging-service-1   | 			WHERE sender_id = 'fbca8a4f-9321-4dd5-924e-21273697edbf' OR receiver_id = 'fbca8a4f-9321-4dd5-924e-21273697edbf'
messaging-service-1   | 			ORDER BY 
messaging-service-1   | 				CASE WHEN sender_id = 'fbca8a4f-9321-4dd5-924e-21273697edbf' THEN receiver_id ELSE sender_id END,
messaging-service-1   | 				project_id,
messaging-service-1   | 				created_at DESC
messaging-service-1   | 		
user-service-1        | {"time":"2026-05-18T21:24:04.592074833Z","level":"INFO","msg":"gRPC call succeeded","method":"/user.UserService/GetUser","duration_ms":3}
frontend-1            | 192.168.65.1 - - [18/May/2026:21:24:04 +0000] "GET /users/fbca8a4f-9321-4dd5-924e-21273697edbf HTTP/1.1" 200 181 "https://wpyde-46-34-192-58.run.pinggy-free.link/" "Mozilla/5.0 (Macintosh; Intel Mac OS X 10_15_7) AppleWebKit/537.36 (KHTML, like Gecko) Chrome/148.0.0.0 Safari/537.36" "46.34.192.58"
frontend-1            | 192.168.65.1 - - [18/May/2026:21:24:09 +0000] "GET /jobs?page=1&page_size=12 HTTP/1.1" 200 24 "https://wpyde-46-34-192-58.run.pinggy-free.link/" "Mozilla/5.0 (Macintosh; Intel Mac OS X 10_15_7) AppleWebKit/537.36 (KHTML, like Gecko) Chrome/148.0.0.0 Safari/537.36" "46.34.192.58"
frontend-1            | 192.168.65.1 - - [18/May/2026:21:24:51 +0000] "GET /vite.svg HTTP/1.1" 304 0 "https://wpyde-46-34-192-58.run.pinggy-free.link/" "Mozilla/5.0 (Macintosh; Intel Mac OS X 10_15_7) AppleWebKit/537.36 (KHTML, like Gecko) Chrome/148.0.0.0 Safari/537.36" "46.34.192.58"
frontend-1            | 192.168.65.1 - - [18/May/2026:21:24:55 +0000] "GET /jobs?page=1&page_size=12 HTTP/1.1" 200 24 "https://wpyde-46-34-192-58.run.pinggy-free.link/" "Mozilla/5.0 (Macintosh; Intel Mac OS X 10_15_7) AppleWebKit/537.36 (KHTML, like Gecko) Chrome/148.0.0.0 Safari/537.36" "46.34.192.58"
[Kmessaging-service-1 has been recreated
[Kmessaging-service-1 exited with code 2
messaging-service-1   | 2026/05/18 21:24:56 Messaging Service listening on :50053
frontend-1            | 192.168.65.1 - - [18/May/2026:21:25:16 +0000] "GET / HTTP/1.1" 304 0 "https://wpyde-46-34-192-58.run.pinggy-free.link/" "Mozilla/5.0 (Macintosh; Intel Mac OS X 10_15_7) AppleWebKit/537.36 (KHTML, like Gecko) Chrome/148.0.0.0 Safari/537.36" "46.34.192.58"
frontend-1            | 192.168.65.1 - - [18/May/2026:21:25:16 +0000] "GET /assets/index-7JzGX96j.js HTTP/1.1" 304 0 "https://wpyde-46-34-192-58.run.pinggy-free.link/" "Mozilla/5.0 (Macintosh; Intel Mac OS X 10_15_7) AppleWebKit/537.36 (KHTML, like Gecko) Chrome/148.0.0.0 Safari/537.36" "46.34.192.58"
frontend-1            | 192.168.65.1 - - [18/May/2026:21:25:16 +0000] "GET /assets/index-B9ilbw_K.css HTTP/1.1" 304 0 "https://wpyde-46-34-192-58.run.pinggy-free.link/" "Mozilla/5.0 (Macintosh; Intel Mac OS X 10_15_7) AppleWebKit/537.36 (KHTML, like Gecko) Chrome/148.0.0.0 Safari/537.36" "46.34.192.58"
frontend-1            | 192.168.65.1 - - [18/May/2026:21:25:17 +0000] "GET /jobs?page=1&page_size=12 HTTP/1.1" 200 24 "https://wpyde-46-34-192-58.run.pinggy-free.link/" "Mozilla/5.0 (Macintosh; Intel Mac OS X 10_15_7) AppleWebKit/537.36 (KHTML, like Gecko) Chrome/148.0.0.0 Safari/537.36" "46.34.192.58"
frontend-1            | 192.168.65.1 - - [18/May/2026:21:25:18 +0000] "GET /api/dialogs HTTP/1.1" 200 5 "https://wpyde-46-34-192-58.run.pinggy-free.link/" "Mozilla/5.0 (Macintosh; Intel Mac OS X 10_15_7) AppleWebKit/537.36 (KHTML, like Gecko) Chrome/148.0.0.0 Safari/537.36" "46.34.192.58"
frontend-1            | 192.168.65.1 - - [18/May/2026:21:25:28 +0000] "GET /jobs?page=1&page_size=12 HTTP/1.1" 200 24 "https://wpyde-46-34-192-58.run.pinggy-free.link/" "Mozilla/5.0 (Macintosh; Intel Mac OS X 10_15_7) AppleWebKit/537.36 (KHTML, like Gecko) Chrome/148.0.0.0 Safari/537.36" "46.34.192.58"
frontend-1            | 192.168.65.1 - - [18/May/2026:21:26:20 +0000] "GET /api/dialogs HTTP/1.1" 200 5 "https://wpyde-46-34-192-58.run.pinggy-free.link/" "Mozilla/5.0 (Macintosh; Intel Mac OS X 10_15_7) AppleWebKit/537.36 (KHTML, like Gecko) Chrome/148.0.0.0 Safari/537.36" "46.34.192.58"
frontend-1            | 192.168.65.1 - - [18/May/2026:21:26:20 +0000] "GET /vite.svg HTTP/1.1" 304 0 "https://wpyde-46-34-192-58.run.pinggy-free.link/" "Mozilla/5.0 (Macintosh; Intel Mac OS X 10_15_7) AppleWebKit/537.36 (KHTML, like Gecko) Chrome/148.0.0.0 Safari/537.36" "46.34.192.58"
user-service-1        | {"time":"2026-05-18T21:26:20.810604591Z","level":"INFO","msg":"gRPC call succeeded","method":"/user.UserService/GetUser","duration_ms":2}
frontend-1            | 192.168.65.1 - - [18/May/2026:21:26:20 +0000] "GET /users/fbca8a4f-9321-4dd5-924e-21273697edbf HTTP/1.1" 200 181 "https://wpyde-46-34-192-58.run.pinggy-free.link/" "Mozilla/5.0 (Macintosh; Intel Mac OS X 10_15_7) AppleWebKit/537.36 (KHTML, like Gecko) Chrome/148.0.0.0 Safari/537.36" "46.34.192.58"
frontend-1            | 192.168.65.1 - - [18/May/2026:21:26:25 +0000] "GET /api/dialogs HTTP/1.1" 200 5 "https://wpyde-46-34-192-58.run.pinggy-free.link/" "Mozilla/5.0 (Macintosh; Intel Mac OS X 10_15_7) AppleWebKit/537.36 (KHTML, like Gecko) Chrome/148.0.0.0 Safari/537.36" "46.34.192.58"
user-service-1        | {"time":"2026-05-18T21:26:26.515991302Z","level":"INFO","msg":"gRPC call succeeded","method":"/user.UserService/GetUser","duration_ms":0}
frontend-1            | 192.168.65.1 - - [18/May/2026:21:26:26 +0000] "GET /users/fbca8a4f-9321-4dd5-924e-21273697edbf HTTP/1.1" 200 181 "https://wpyde-46-34-192-58.run.pinggy-free.link/" "Mozilla/5.0 (Macintosh; Intel Mac OS X 10_15_7) AppleWebKit/537.36 (KHTML, like Gecko) Chrome/148.0.0.0 Safari/537.36" "46.34.192.58"
postgres-users-1      | 2026-05-18 21:27:35.672 UTC [26] LOG:  checkpoint starting: time
postgres-users-1      | 2026-05-18 21:27:36.819 UTC [26] LOG:  checkpoint complete: wrote 14 buffers (0.1%); 0 WAL file(s) added, 0 removed, 0 recycled; write=1.132 s, sync=0.007 s, total=1.148 s; sync files=9, longest=0.006 s, average=0.001 s; distance=1 kB, estimate=1 kB; lsn=0/196C1C0, redo lsn=0/196C188
user-service-1        | {"time":"2026-05-18T21:28:03.529633847Z","level":"INFO","msg":"user registered","user_id":"124520e7-45e3-464a-88ad-19fc4a593b2b","email":"client@gmail.com"}
user-service-1        | {"time":"2026-05-18T21:28:03.529688889Z","level":"INFO","msg":"gRPC call succeeded","method":"/user.UserService/Register","duration_ms":94}
frontend-1            | 192.168.65.1 - - [18/May/2026:21:28:03 +0000] "POST /users/register HTTP/1.1" 201 501 "https://wpyde-46-34-192-58.run.pinggy-free.link/" "Mozilla/5.0 (Macintosh; Intel Mac OS X 10_15_7) AppleWebKit/537.36 (KHTML, like Gecko) Chrome/148.0.0.0 Safari/537.36" "46.34.192.58"
frontend-1            | 192.168.65.1 - - [18/May/2026:21:28:03 +0000] "GET /jobs?page=1&page_size=12 HTTP/1.1" 200 24 "https://wpyde-46-34-192-58.run.pinggy-free.link/" "Mozilla/5.0 (Macintosh; Intel Mac OS X 10_15_7) AppleWebKit/537.36 (KHTML, like Gecko) Chrome/148.0.0.0 Safari/537.36" "46.34.192.58"
frontend-1            | 192.168.65.1 - - [18/May/2026:21:28:04 +0000] "GET /vite.svg HTTP/1.1" 304 0 "https://wpyde-46-34-192-58.run.pinggy-free.link/" "Mozilla/5.0 (Macintosh; Intel Mac OS X 10_15_7) AppleWebKit/537.36 (KHTML, like Gecko) Chrome/148.0.0.0 Safari/537.36" "46.34.192.58"
frontend-1            | 192.168.65.1 - - [18/May/2026:21:28:08 +0000] "GET /api/dialogs HTTP/1.1" 200 5 "https://wpyde-46-34-192-58.run.pinggy-free.link/" "Mozilla/5.0 (Macintosh; Intel Mac OS X 10_15_7) AppleWebKit/537.36 (KHTML, like Gecko) Chrome/148.0.0.0 Safari/537.36" "46.34.192.58"
user-service-1        | {"time":"2026-05-18T21:28:09.241695127Z","level":"INFO","msg":"gRPC call succeeded","method":"/user.UserService/GetUser","duration_ms":0}
frontend-1            | 192.168.65.1 - - [18/May/2026:21:28:09 +0000] "GET /users/124520e7-45e3-464a-88ad-19fc4a593b2b HTTP/1.1" 200 170 "https://wpyde-46-34-192-58.run.pinggy-free.link/" "Mozilla/5.0 (Macintosh; Intel Mac OS X 10_15_7) AppleWebKit/537.36 (KHTML, like Gecko) Chrome/148.0.0.0 Safari/537.36" "46.34.192.58"
frontend-1            | 192.168.65.1 - - [18/May/2026:21:28:10 +0000] "GET /jobs?page=1&page_size=12 HTTP/1.1" 200 24 "https://wpyde-46-34-192-58.run.pinggy-free.link/" "Mozilla/5.0 (Macintosh; Intel Mac OS X 10_15_7) AppleWebKit/537.36 (KHTML, like Gecko) Chrome/148.0.0.0 Safari/537.36" "46.34.192.58"
user-service-1        | {"time":"2026-05-18T21:28:12.022484087Z","level":"INFO","msg":"gRPC call succeeded","method":"/user.UserService/GetUser","duration_ms":1}
frontend-1            | 192.168.65.1 - - [18/May/2026:21:28:12 +0000] "GET /users/124520e7-45e3-464a-88ad-19fc4a593b2b HTTP/1.1" 200 170 "https://wpyde-46-34-192-58.run.pinggy-free.link/" "Mozilla/5.0 (Macintosh; Intel Mac OS X 10_15_7) AppleWebKit/537.36 (KHTML, like Gecko) Chrome/148.0.0.0 Safari/537.36" "46.34.192.58"
frontend-1            | 192.168.65.1 - - [18/May/2026:21:29:09 +0000] "GET /api/dialogs HTTP/1.1" 200 5 "https://wpyde-46-34-192-58.run.pinggy-free.link/" "Mozilla/5.0 (Macintosh; Intel Mac OS X 10_15_7) AppleWebKit/537.36 (KHTML, like Gecko) Chrome/148.0.0.0 Safari/537.36" "46.34.192.58"
frontend-1            | 192.168.65.1 - - [18/May/2026:21:29:10 +0000] "GET /jobs?page=1&page_size=12 HTTP/1.1" 200 24 "https://wpyde-46-34-192-58.run.pinggy-free.link/" "Mozilla/5.0 (Macintosh; Intel Mac OS X 10_15_7) AppleWebKit/537.36 (KHTML, like Gecko) Chrome/148.0.0.0 Safari/537.36" "46.34.192.58"
frontend-1            | 192.168.65.1 - - [18/May/2026:21:30:40 +0000] "GET /vite.svg HTTP/1.1" 304 0 "https://wpyde-46-34-192-58.run.pinggy-free.link/" "Mozilla/5.0 (Macintosh; Intel Mac OS X 10_15_7) AppleWebKit/537.36 (KHTML, like Gecko) Chrome/148.0.0.0 Safari/537.36" "46.34.192.58"
frontend-1            | 192.168.65.1 - - [18/May/2026:21:31:45 +0000] "GET / HTTP/1.1" 304 0 "https://wpyde-46-34-192-58.run.pinggy-free.link/" "Mozilla/5.0 (Macintosh; Intel Mac OS X 10_15_7) AppleWebKit/537.36 (KHTML, like Gecko) Chrome/148.0.0.0 Safari/537.36" "46.34.192.58"
frontend-1            | 192.168.65.1 - - [18/May/2026:21:31:45 +0000] "GET /assets/index-B9ilbw_K.css HTTP/1.1" 304 0 "https://wpyde-46-34-192-58.run.pinggy-free.link/" "Mozilla/5.0 (Macintosh; Intel Mac OS X 10_15_7) AppleWebKit/537.36 (KHTML, like Gecko) Chrome/148.0.0.0 Safari/537.36" "46.34.192.58"
frontend-1            | 192.168.65.1 - - [18/May/2026:21:31:46 +0000] "GET /assets/index-7JzGX96j.js HTTP/1.1" 304 0 "https://wpyde-46-34-192-58.run.pinggy-free.link/" "Mozilla/5.0 (Macintosh; Intel Mac OS X 10_15_7) AppleWebKit/537.36 (KHTML, like Gecko) Chrome/148.0.0.0 Safari/537.36" "46.34.192.58"
frontend-1            | 192.168.65.1 - - [18/May/2026:21:31:48 +0000] "GET /jobs?page=1&page_size=12 HTTP/1.1" 200 24 "https://wpyde-46-34-192-58.run.pinggy-free.link/" "Mozilla/5.0 (Macintosh; Intel Mac OS X 10_15_7) AppleWebKit/537.36 (KHTML, like Gecko) Chrome/148.0.0.0 Safari/537.36" "46.34.192.58"
frontend-1            | 192.168.65.1 - - [18/May/2026:21:31:50 +0000] "GET /api/dialogs HTTP/1.1" 200 5 "https://wpyde-46-34-192-58.run.pinggy-free.link/" "Mozilla/5.0 (Macintosh; Intel Mac OS X 10_15_7) AppleWebKit/537.36 (KHTML, like Gecko) Chrome/148.0.0.0 Safari/537.36" "46.34.192.58"
user-service-1        | {"time":"2026-05-18T21:31:51.145115633Z","level":"INFO","msg":"gRPC call succeeded","method":"/user.UserService/GetUser","duration_ms":3}
frontend-1            | 192.168.65.1 - - [18/May/2026:21:31:51 +0000] "GET /users/124520e7-45e3-464a-88ad-19fc4a593b2b HTTP/1.1" 200 170 "https://wpyde-46-34-192-58.run.pinggy-free.link/" "Mozilla/5.0 (Macintosh; Intel Mac OS X 10_15_7) AppleWebKit/537.36 (KHTML, like Gecko) Chrome/148.0.0.0 Safari/537.36" "46.34.192.58"
frontend-1            | 192.168.65.1 - - [18/May/2026:21:31:52 +0000] "GET /jobs?page=1&page_size=12 HTTP/1.1" 200 24 "https://wpyde-46-34-192-58.run.pinggy-free.link/" "Mozilla/5.0 (Macintosh; Intel Mac OS X 10_15_7) AppleWebKit/537.36 (KHTML, like Gecko) Chrome/148.0.0.0 Safari/537.36" "46.34.192.58"
user-service-1        | {"time":"2026-05-18T21:32:05.833004334Z","level":"INFO","msg":"gRPC call succeeded","method":"/user.UserService/GetUser","duration_ms":1}
frontend-1            | 192.168.65.1 - - [18/May/2026:21:32:05 +0000] "GET /users/124520e7-45e3-464a-88ad-19fc4a593b2b HTTP/1.1" 200 170 "https://wpyde-46-34-192-58.run.pinggy-free.link/" "Mozilla/5.0 (Macintosh; Intel Mac OS X 10_15_7) AppleWebKit/537.36 (KHTML, like Gecko) Chrome/148.0.0.0 Safari/537.36" "46.34.192.58"
[Kuser-service-1 has been recreated
[Kmessaging-service-1 has been recreated
user-service-1        | {"time":"2026-05-18T21:32:33.195057097Z","level":"INFO","msg":"shutting down server..."}
user-service-1        | {"time":"2026-05-18T21:32:33.196497305Z","level":"INFO","msg":"server stopped gracefully"}
[Kjob-service-1 has been recreated
rabbitmq-1            | [38;5;214m2026-05-18 21:32:33.266415+00:00 [warning] <0.951.0> closing AMQP connection <0.951.0> (172.21.0.7:58606 -> 172.21.0.6:5672, vhost: '/', user: 'guest'):[0m
rabbitmq-1            | [38;5;214m2026-05-18 21:32:33.266415+00:00 [warning] <0.951.0> client unexpectedly closed TCP connection[0m
[Kuser-service-1 exited with code 0
[Kmessaging-service-1 exited with code 2
[Kjob-service-1 exited with code 2
[Kjob-gateway-1 has been recreated
[Kjob-gateway-1 exited with code 2
[Kfrontend-1 has been recreated
frontend-1            | 2026/05/18 21:32:33 [notice] 1#1: signal 3 (SIGQUIT) received, shutting down
frontend-1            | 2026/05/18 21:32:33 [notice] 30#30: gracefully shutting down
frontend-1            | 2026/05/18 21:32:33 [notice] 30#30: exiting
frontend-1            | 2026/05/18 21:32:33 [notice] 31#31: gracefully shutting down
frontend-1            | 2026/05/18 21:32:33 [notice] 31#31: exiting
frontend-1            | 2026/05/18 21:32:33 [notice] 33#33: gracefully shutting down
frontend-1            | 2026/05/18 21:32:33 [notice] 30#30: exit
frontend-1            | 2026/05/18 21:32:33 [notice] 29#29: gracefully shutting down
frontend-1            | 2026/05/18 21:32:33 [notice] 35#35: gracefully shutting down
frontend-1            | 2026/05/18 21:32:33 [notice] 32#32: gracefully shutting down
frontend-1            | 2026/05/18 21:32:33 [notice] 34#34: gracefully shutting down
frontend-1            | 2026/05/18 21:32:33 [notice] 35#35: exiting
frontend-1            | 2026/05/18 21:32:33 [notice] 29#29: exiting
frontend-1            | 2026/05/18 21:32:33 [notice] 32#32: exiting
frontend-1            | 2026/05/18 21:32:33 [notice] 34#34: exiting
frontend-1            | 2026/05/18 21:32:33 [notice] 35#35: exit
frontend-1            | 2026/05/18 21:32:33 [notice] 32#32: exit
frontend-1            | 2026/05/18 21:32:33 [notice] 33#33: exiting
frontend-1            | 2026/05/18 21:32:33 [notice] 33#33: exit
frontend-1            | 2026/05/18 21:32:33 [notice] 29#29: exit
frontend-1            | 2026/05/18 21:32:33 [notice] 34#34: exit
frontend-1            | 2026/05/18 21:32:33 [notice] 36#36: gracefully shutting down
frontend-1            | 2026/05/18 21:32:33 [notice] 36#36: exiting
frontend-1            | 2026/05/18 21:32:33 [notice] 36#36: exit
frontend-1            | 2026/05/18 21:32:33 [notice] 31#31: exit
frontend-1            | 2026/05/18 21:32:33 [notice] 1#1: signal 17 (SIGCHLD) received from 30
frontend-1            | 2026/05/18 21:32:33 [notice] 1#1: worker process 30 exited with code 0
frontend-1            | 2026/05/18 21:32:33 [notice] 1#1: signal 29 (SIGIO) received
frontend-1            | 2026/05/18 21:32:33 [notice] 1#1: signal 17 (SIGCHLD) received from 31
frontend-1            | 2026/05/18 21:32:33 [notice] 1#1: worker process 31 exited with code 0
frontend-1            | 2026/05/18 21:32:33 [notice] 1#1: signal 29 (SIGIO) received
frontend-1            | 2026/05/18 21:32:33 [notice] 1#1: signal 17 (SIGCHLD) received from 36
frontend-1            | 2026/05/18 21:32:33 [notice] 1#1: worker process 33 exited with code 0
frontend-1            | 2026/05/18 21:32:33 [notice] 1#1: worker process 36 exited with code 0
frontend-1            | 2026/05/18 21:32:33 [notice] 1#1: signal 29 (SIGIO) received
frontend-1            | 2026/05/18 21:32:33 [notice] 1#1: signal 17 (SIGCHLD) received from 32
frontend-1            | 2026/05/18 21:32:33 [notice] 1#1: worker process 32 exited with code 0
frontend-1            | 2026/05/18 21:32:33 [notice] 1#1: signal 29 (SIGIO) received
frontend-1            | 2026/05/18 21:32:33 [notice] 1#1: signal 17 (SIGCHLD) received from 35
frontend-1            | 2026/05/18 21:32:33 [notice] 1#1: worker process 29 exited with code 0
frontend-1            | 2026/05/18 21:32:33 [notice] 1#1: worker process 35 exited with code 0
frontend-1            | 2026/05/18 21:32:33 [notice] 1#1: signal 29 (SIGIO) received
frontend-1            | 2026/05/18 21:32:33 [notice] 1#1: signal 17 (SIGCHLD) received from 34
frontend-1            | 2026/05/18 21:32:33 [notice] 1#1: worker process 34 exited with code 0
frontend-1            | 2026/05/18 21:32:33 [notice] 1#1: exit
[Kfrontend-1 exited with code 0
job-migrate-1         | no change
messaging-service-1   | 2026/05/18 21:32:34 Messaging Service listening on :50053
[Kjob-migrate-1 exited with code 0
user-service-1        | {"time":"2026-05-18T21:32:34.774677875Z","level":"INFO","msg":"connected to database","host":"postgres-users","db":"userservice"}
user-service-1        | {"time":"2026-05-18T21:32:34.775866833Z","level":"INFO","msg":"gRPC server started","addr":":50051"}
rabbitmq-1            | 2026-05-18 21:32:35.367944+00:00 [info] <0.1408.0> accepting AMQP connection <0.1408.0> (172.21.0.7:57858 -> 172.21.0.6:5672)[0m
rabbitmq-1            | 2026-05-18 21:32:35.371135+00:00 [info] <0.1408.0> connection <0.1408.0> (172.21.0.7:57858 -> 172.21.0.6:5672): user 'guest' authenticated and granted access to vhost '/'[0m
job-service-1         | 2026/05/18 21:32:35 Job Service listening on :50052
job-gateway-1         | 2026/05/18 21:32:35 API Gateway listening on :8080 | job=job-service:50052 user=user-service:50051 messaging=messaging-service:50053
frontend-1            | /docker-entrypoint.sh: /docker-entrypoint.d/ is not empty, will attempt to perform configuration
frontend-1            | /docker-entrypoint.sh: Looking for shell scripts in /docker-entrypoint.d/
frontend-1            | /docker-entrypoint.sh: Launching /docker-entrypoint.d/10-listen-on-ipv6-by-default.sh
frontend-1            | 10-listen-on-ipv6-by-default.sh: info: Getting the checksum of /etc/nginx/conf.d/default.conf
frontend-1            | 10-listen-on-ipv6-by-default.sh: info: /etc/nginx/conf.d/default.conf differs from the packaged version
frontend-1            | /docker-entrypoint.sh: Sourcing /docker-entrypoint.d/15-local-resolvers.envsh
frontend-1            | /docker-entrypoint.sh: Launching /docker-entrypoint.d/20-envsubst-on-templates.sh
frontend-1            | /docker-entrypoint.sh: Launching /docker-entrypoint.d/30-tune-worker-processes.sh
frontend-1            | /docker-entrypoint.sh: Configuration complete; ready for start up
frontend-1            | 2026/05/18 21:32:35 [notice] 1#1: using the "epoll" event method
frontend-1            | 2026/05/18 21:32:35 [notice] 1#1: nginx/1.29.7
frontend-1            | 2026/05/18 21:32:35 [notice] 1#1: built by gcc 15.2.0 (Alpine 15.2.0) 
frontend-1            | 2026/05/18 21:32:35 [notice] 1#1: OS: Linux 6.12.76-linuxkit
frontend-1            | 2026/05/18 21:32:35 [notice] 1#1: getrlimit(RLIMIT_NOFILE): 1048576:1048576
frontend-1            | 2026/05/18 21:32:35 [notice] 1#1: start worker processes
frontend-1            | 2026/05/18 21:32:35 [notice] 1#1: start worker process 29
frontend-1            | 2026/05/18 21:32:35 [notice] 1#1: start worker process 30
frontend-1            | 2026/05/18 21:32:35 [notice] 1#1: start worker process 31
frontend-1            | 2026/05/18 21:32:35 [notice] 1#1: start worker process 32
frontend-1            | 2026/05/18 21:32:35 [notice] 1#1: start worker process 33
frontend-1            | 2026/05/18 21:32:35 [notice] 1#1: start worker process 34
frontend-1            | 2026/05/18 21:32:35 [notice] 1#1: start worker process 35
frontend-1            | 2026/05/18 21:32:35 [notice] 1#1: start worker process 36
postgres-users-1      | 2026-05-18 21:32:35.874 UTC [26] LOG:  checkpoint starting: time
postgres-users-1      | 2026-05-18 21:32:36.402 UTC [26] LOG:  checkpoint complete: wrote 6 buffers (0.0%); 0 WAL file(s) added, 0 removed, 0 recycled; write=0.516 s, sync=0.008 s, total=0.528 s; sync files=6, longest=0.004 s, average=0.002 s; distance=1 kB, estimate=1 kB; lsn=0/196C738, redo lsn=0/196C700
user-service-1        | {"time":"2026-05-18T21:33:35.551230334Z","level":"INFO","msg":"gRPC call succeeded","method":"/user.UserService/GetUser","duration_ms":3}
frontend-1            | 192.168.65.1 - - [18/May/2026:21:33:35 +0000] "GET /users/fbca8a4f-9321-4dd5-924e-21273697edbf HTTP/1.1" 200 181 "-" "curl/8.7.1" "-"
frontend-1            | 192.168.65.1 - - [18/May/2026:21:34:01 +0000] "GET /api/dialogs HTTP/1.1" 200 5 "https://wpyde-46-34-192-58.run.pinggy-free.link/" "Mozilla/5.0 (Macintosh; Intel Mac OS X 10_15_7) AppleWebKit/537.36 (KHTML, like Gecko) Chrome/148.0.0.0 Safari/537.36" "46.34.192.58"
frontend-1            | 192.168.65.1 - - [18/May/2026:21:34:01 +0000] "GET /vite.svg HTTP/1.1" 200 941 "https://wpyde-46-34-192-58.run.pinggy-free.link/" "Mozilla/5.0 (Macintosh; Intel Mac OS X 10_15_7) AppleWebKit/537.36 (KHTML, like Gecko) Chrome/148.0.0.0 Safari/537.36" "46.34.192.58"
frontend-1            | 192.168.65.1 - - [18/May/2026:21:34:02 +0000] "GET /jobs?page=1&page_size=12 HTTP/1.1" 200 24 "https://wpyde-46-34-192-58.run.pinggy-free.link/" "Mozilla/5.0 (Macintosh; Intel Mac OS X 10_15_7) AppleWebKit/537.36 (KHTML, like Gecko) Chrome/148.0.0.0 Safari/537.36" "46.34.192.58"
user-service-1        | {"time":"2026-05-18T21:34:24.028396217Z","level":"INFO","msg":"user registered","user_id":"3508047d-68b7-4e99-99f9-eaf996c70203","email":"nazarbek@gmail.com"}
user-service-1        | {"time":"2026-05-18T21:34:24.028443342Z","level":"INFO","msg":"gRPC call succeeded","method":"/user.UserService/Register","duration_ms":96}
frontend-1            | 192.168.65.1 - - [18/May/2026:21:34:24 +0000] "POST /users/register HTTP/1.1" 201 515 "https://wpyde-46-34-192-58.run.pinggy-free.link/" "Mozilla/5.0 (Macintosh; Intel Mac OS X 10_15_7) AppleWebKit/537.36 (KHTML, like Gecko) Chrome/148.0.0.0 Safari/537.36" "46.34.192.58"
frontend-1            | 192.168.65.1 - - [18/May/2026:21:34:24 +0000] "GET /jobs?page=1&page_size=12 HTTP/1.1" 200 24 "https://wpyde-46-34-192-58.run.pinggy-free.link/" "Mozilla/5.0 (Macintosh; Intel Mac OS X 10_15_7) AppleWebKit/537.36 (KHTML, like Gecko) Chrome/148.0.0.0 Safari/537.36" "46.34.192.58"
frontend-1            | 192.168.65.1 - - [18/May/2026:21:34:24 +0000] "GET /vite.svg HTTP/1.1" 304 0 "https://wpyde-46-34-192-58.run.pinggy-free.link/" "Mozilla/5.0 (Macintosh; Intel Mac OS X 10_15_7) AppleWebKit/537.36 (KHTML, like Gecko) Chrome/148.0.0.0 Safari/537.36" "46.34.192.58"
frontend-1            | 192.168.65.1 - - [18/May/2026:21:34:27 +0000] "GET /api/dialogs HTTP/1.1" 200 5 "https://wpyde-46-34-192-58.run.pinggy-free.link/" "Mozilla/5.0 (Macintosh; Intel Mac OS X 10_15_7) AppleWebKit/537.36 (KHTML, like Gecko) Chrome/148.0.0.0 Safari/537.36" "46.34.192.58"
user-service-1        | {"time":"2026-05-18T21:34:28.725051761Z","level":"INFO","msg":"gRPC call succeeded","method":"/user.UserService/GetUser","duration_ms":0}
frontend-1            | 192.168.65.1 - - [18/May/2026:21:34:28 +0000] "GET /users/3508047d-68b7-4e99-99f9-eaf996c70203 HTTP/1.1" 200 176 "https://wpyde-46-34-192-58.run.pinggy-free.link/" "Mozilla/5.0 (Macintosh; Intel Mac OS X 10_15_7) AppleWebKit/537.36 (KHTML, like Gecko) Chrome/148.0.0.0 Safari/537.36" "46.34.192.58"
frontend-1            | 192.168.65.1 - - [18/May/2026:21:34:29 +0000] "GET /jobs?page=1&page_size=12 HTTP/1.1" 200 24 "https://wpyde-46-34-192-58.run.pinggy-free.link/" "Mozilla/5.0 (Macintosh; Intel Mac OS X 10_15_7) AppleWebKit/537.36 (KHTML, like Gecko) Chrome/148.0.0.0 Safari/537.36" "46.34.192.58"
[Kuser-service-1 has been recreated
[Kjob-service-1 has been recreated
[Kmessaging-service-1 has been recreated
user-service-1        | {"time":"2026-05-18T21:34:36.460774834Z","level":"INFO","msg":"shutting down server..."}
user-service-1        | {"time":"2026-05-18T21:34:36.461664084Z","level":"INFO","msg":"server stopped gracefully"}
rabbitmq-1            | [38;5;214m2026-05-18 21:34:36.470292+00:00 [warning] <0.1408.0> closing AMQP connection <0.1408.0> (172.21.0.7:57858 -> 172.21.0.6:5672, vhost: '/', user: 'guest'):[0m
rabbitmq-1            | [38;5;214m2026-05-18 21:34:36.470292+00:00 [warning] <0.1408.0> client unexpectedly closed TCP connection[0m
[Kuser-service-1 exited with code 0
[Kmessaging-service-1 exited with code 2
[Kjob-service-1 exited with code 2
[Kjob-gateway-1 has been recreated
[Kjob-gateway-1 exited with code 2
[Kfrontend-1 has been recreated
frontend-1            | 2026/05/18 21:34:37 [notice] 1#1: signal 3 (SIGQUIT) received, shutting down
frontend-1            | 2026/05/18 21:34:37 [notice] 31#31: gracefully shutting down
frontend-1            | 2026/05/18 21:34:37 [notice] 30#30: gracefully shutting down
frontend-1            | 2026/05/18 21:34:37 [notice] 29#29: gracefully shutting down
frontend-1            | 2026/05/18 21:34:37 [notice] 30#30: exiting
frontend-1            | 2026/05/18 21:34:37 [notice] 31#31: exiting
frontend-1            | 2026/05/18 21:34:37 [notice] 30#30: exit
frontend-1            | 2026/05/18 21:34:37 [notice] 31#31: exit
frontend-1            | 2026/05/18 21:34:37 [notice] 29#29: exiting
frontend-1            | 2026/05/18 21:34:37 [notice] 29#29: exit
frontend-1            | 2026/05/18 21:34:37 [notice] 35#35: gracefully shutting down
frontend-1            | 2026/05/18 21:34:37 [notice] 35#35: exiting
frontend-1            | 2026/05/18 21:34:37 [notice] 35#35: exit
frontend-1            | 2026/05/18 21:34:37 [notice] 36#36: gracefully shutting down
frontend-1            | 2026/05/18 21:34:37 [notice] 34#34: gracefully shutting down
frontend-1            | 2026/05/18 21:34:37 [notice] 36#36: exiting
frontend-1            | 2026/05/18 21:34:37 [notice] 34#34: exiting
frontend-1            | 2026/05/18 21:34:37 [notice] 36#36: exit
frontend-1            | 2026/05/18 21:34:37 [notice] 34#34: exit
frontend-1            | 2026/05/18 21:34:37 [notice] 33#33: gracefully shutting down
frontend-1            | 2026/05/18 21:34:37 [notice] 32#32: gracefully shutting down
frontend-1            | 2026/05/18 21:34:37 [notice] 33#33: exiting
frontend-1            | 2026/05/18 21:34:37 [notice] 33#33: exit
frontend-1            | 2026/05/18 21:34:37 [notice] 32#32: exiting
frontend-1            | 2026/05/18 21:34:37 [notice] 32#32: exit
frontend-1            | 2026/05/18 21:34:37 [notice] 1#1: signal 17 (SIGCHLD) received from 30
frontend-1            | 2026/05/18 21:34:37 [notice] 1#1: worker process 30 exited with code 0
frontend-1            | 2026/05/18 21:34:37 [notice] 1#1: signal 29 (SIGIO) received
frontend-1            | 2026/05/18 21:34:37 [notice] 1#1: signal 17 (SIGCHLD) received from 31
frontend-1            | 2026/05/18 21:34:37 [notice] 1#1: worker process 31 exited with code 0
frontend-1            | 2026/05/18 21:34:37 [notice] 1#1: signal 29 (SIGIO) received
frontend-1            | 2026/05/18 21:34:37 [notice] 1#1: signal 17 (SIGCHLD) received from 35
frontend-1            | 2026/05/18 21:34:37 [notice] 1#1: worker process 35 exited with code 0
frontend-1            | 2026/05/18 21:34:37 [notice] 1#1: signal 29 (SIGIO) received
frontend-1            | 2026/05/18 21:34:37 [notice] 1#1: signal 17 (SIGCHLD) received from 33
frontend-1            | 2026/05/18 21:34:37 [notice] 1#1: worker process 33 exited with code 0
frontend-1            | 2026/05/18 21:34:37 [notice] 1#1: signal 29 (SIGIO) received
frontend-1            | 2026/05/18 21:34:37 [notice] 1#1: signal 17 (SIGCHLD) received from 34
frontend-1            | 2026/05/18 21:34:37 [notice] 1#1: worker process 34 exited with code 0
frontend-1            | 2026/05/18 21:34:37 [notice] 1#1: signal 29 (SIGIO) received
frontend-1            | 2026/05/18 21:34:37 [notice] 1#1: signal 17 (SIGCHLD) received from 29
frontend-1            | 2026/05/18 21:34:37 [notice] 1#1: worker process 29 exited with code 0
frontend-1            | 2026/05/18 21:34:37 [notice] 1#1: worker process 32 exited with code 0
frontend-1            | 2026/05/18 21:34:37 [notice] 1#1: signal 17 (SIGCHLD) received from 36
frontend-1            | 2026/05/18 21:34:37 [notice] 1#1: worker process 36 exited with code 0
frontend-1            | 2026/05/18 21:34:37 [notice] 1#1: exit
[Kfrontend-1 exited with code 0
job-migrate-1         | no change
user-service-1        | {"time":"2026-05-18T21:34:38.025318043Z","level":"INFO","msg":"connected to database","host":"postgres-users","db":"userservice"}
user-service-1        | {"time":"2026-05-18T21:34:38.026353835Z","level":"INFO","msg":"gRPC server started","addr":":50051"}
messaging-service-1   | 2026/05/18 21:34:38 Messaging Service listening on :50053
[Kjob-migrate-1 exited with code 0
rabbitmq-1            | 2026-05-18 21:34:38.581842+00:00 [info] <0.1479.0> accepting AMQP connection <0.1479.0> (172.21.0.2:47254 -> 172.21.0.6:5672)[0m
rabbitmq-1            | 2026-05-18 21:34:38.583832+00:00 [info] <0.1479.0> connection <0.1479.0> (172.21.0.2:47254 -> 172.21.0.6:5672): user 'guest' authenticated and granted access to vhost '/'[0m
job-service-1         | 2026/05/18 21:34:38 Job Service listening on :50052
job-gateway-1         | 2026/05/18 21:34:38 API Gateway listening on :8080 | job=job-service:50052 user=user-service:50051 messaging=messaging-service:50053
frontend-1            | /docker-entrypoint.sh: /docker-entrypoint.d/ is not empty, will attempt to perform configuration
frontend-1            | /docker-entrypoint.sh: Looking for shell scripts in /docker-entrypoint.d/
frontend-1            | /docker-entrypoint.sh: Launching /docker-entrypoint.d/10-listen-on-ipv6-by-default.sh
frontend-1            | 10-listen-on-ipv6-by-default.sh: info: Getting the checksum of /etc/nginx/conf.d/default.conf
frontend-1            | 10-listen-on-ipv6-by-default.sh: info: /etc/nginx/conf.d/default.conf differs from the packaged version
frontend-1            | /docker-entrypoint.sh: Sourcing /docker-entrypoint.d/15-local-resolvers.envsh
frontend-1            | /docker-entrypoint.sh: Launching /docker-entrypoint.d/20-envsubst-on-templates.sh
frontend-1            | /docker-entrypoint.sh: Launching /docker-entrypoint.d/30-tune-worker-processes.sh
frontend-1            | /docker-entrypoint.sh: Configuration complete; ready for start up
frontend-1            | 2026/05/18 21:34:38 [notice] 1#1: using the "epoll" event method
frontend-1            | 2026/05/18 21:34:38 [notice] 1#1: nginx/1.29.7
frontend-1            | 2026/05/18 21:34:38 [notice] 1#1: built by gcc 15.2.0 (Alpine 15.2.0) 
frontend-1            | 2026/05/18 21:34:38 [notice] 1#1: OS: Linux 6.12.76-linuxkit
frontend-1            | 2026/05/18 21:34:38 [notice] 1#1: getrlimit(RLIMIT_NOFILE): 1048576:1048576
frontend-1            | 2026/05/18 21:34:38 [notice] 1#1: start worker processes
frontend-1            | 2026/05/18 21:34:38 [notice] 1#1: start worker process 29
frontend-1            | 2026/05/18 21:34:38 [notice] 1#1: start worker process 30
frontend-1            | 2026/05/18 21:34:38 [notice] 1#1: start worker process 31
frontend-1            | 2026/05/18 21:34:38 [notice] 1#1: start worker process 32
frontend-1            | 2026/05/18 21:34:38 [notice] 1#1: start worker process 33
frontend-1            | 2026/05/18 21:34:38 [notice] 1#1: start worker process 34
frontend-1            | 2026/05/18 21:34:38 [notice] 1#1: start worker process 35
frontend-1            | 2026/05/18 21:34:38 [notice] 1#1: start worker process 36
frontend-1            | 192.168.65.1 - - [18/May/2026:21:35:34 +0000] "GET / HTTP/1.1" 200 941 "https://wpyde-46-34-192-58.run.pinggy-free.link/" "Mozilla/5.0 (Macintosh; Intel Mac OS X 10_15_7) AppleWebKit/537.36 (KHTML, like Gecko) Chrome/148.0.0.0 Safari/537.36" "46.34.192.58"
frontend-1            | 192.168.65.1 - - [18/May/2026:21:35:35 +0000] "GET /assets/index--vS3Qh0B.js HTTP/1.1" 200 31342 "https://wpyde-46-34-192-58.run.pinggy-free.link/" "Mozilla/5.0 (Macintosh; Intel Mac OS X 10_15_7) AppleWebKit/537.36 (KHTML, like Gecko) Chrome/148.0.0.0 Safari/537.36" "46.34.192.58"
frontend-1            | 192.168.65.1 - - [18/May/2026:21:35:35 +0000] "GET /assets/index-B9ilbw_K.css HTTP/1.1" 200 14760 "https://wpyde-46-34-192-58.run.pinggy-free.link/" "Mozilla/5.0 (Macintosh; Intel Mac OS X 10_15_7) AppleWebKit/537.36 (KHTML, like Gecko) Chrome/148.0.0.0 Safari/537.36" "46.34.192.58"
